Component: ARM Compiler 6.16 Tool: armlink [5dfeaa00]

==============================================================================

Section Cross References

    startup_stm32f429xx.o(RESET) refers to startup_stm32f429xx.o(STACK) for __initial_sp
    startup_stm32f429xx.o(RESET) refers to startup_stm32f429xx.o(.text) for Reset_Handler
    startup_stm32f429xx.o(RESET) refers to stm32f4xx_it.o(.text.NMI_Handler) for NMI_Handler
    startup_stm32f429xx.o(RESET) refers to stm32f4xx_it.o(.text.HardFault_Handler) for HardFault_Handler
    startup_stm32f429xx.o(RESET) refers to stm32f4xx_it.o(.text.MemManage_Handler) for MemManage_Handler
    startup_stm32f429xx.o(RESET) refers to stm32f4xx_it.o(.text.BusFault_Handler) for BusFault_Handler
    startup_stm32f429xx.o(RESET) refers to stm32f4xx_it.o(.text.UsageFault_Handler) for UsageFault_Handler
    startup_stm32f429xx.o(RESET) refers to stm32f4xx_it.o(.text.SVC_Handler) for SVC_Handler
    startup_stm32f429xx.o(RESET) refers to stm32f4xx_it.o(.text.DebugMon_Handler) for DebugMon_Handler
    startup_stm32f429xx.o(RESET) refers to stm32f4xx_it.o(.text.PendSV_Handler) for PendSV_Handler
    startup_stm32f429xx.o(RESET) refers to stm32f4xx_it.o(.text.SysTick_Handler) for SysTick_Handler
    startup_stm32f429xx.o(RESET) refers to stm32f4xx_it.o(.text.TIM1_UP_TIM10_IRQHandler) for TIM1_UP_TIM10_IRQHandler
    startup_stm32f429xx.o(RESET) refers to stm32f4xx_it.o(.text.TIM1_TRG_COM_TIM11_IRQHandler) for TIM1_TRG_COM_TIM11_IRQHandler
    startup_stm32f429xx.o(RESET) refers to stm32f4xx_it.o(.text.SDIO_IRQHandler) for SDIO_IRQHandler
    startup_stm32f429xx.o(RESET) refers to stm32f4xx_it.o(.text.DMA2_Stream0_IRQHandler) for DMA2_Stream0_IRQHandler
    startup_stm32f429xx.o(RESET) refers to stm32f4xx_it.o(.text.DMA2_Stream1_IRQHandler) for DMA2_Stream1_IRQHandler
    startup_stm32f429xx.o(RESET) refers to stm32f4xx_it.o(.text.DMA2_Stream3_IRQHandler) for DMA2_Stream3_IRQHandler
    startup_stm32f429xx.o(RESET) refers to stm32f4xx_it.o(.text.OTG_HS_IRQHandler) for OTG_HS_IRQHandler
    startup_stm32f429xx.o(RESET) refers to stm32f4xx_it.o(.text.LTDC_IRQHandler) for LTDC_IRQHandler
    startup_stm32f429xx.o(RESET) refers to stm32f4xx_it.o(.text.DMA2D_IRQHandler) for DMA2D_IRQHandler
    startup_stm32f429xx.o(.text) refers to system_stm32f4xx.o(.text.SystemInit) for SystemInit
    startup_stm32f429xx.o(.text) refers to entry.o(.ARM.Collect$$$$00000000) for __main
    stm32f429i_discovery.o(.ARM.exidx.text.BSP_GetVersion) refers to stm32f429i_discovery.o(.text.BSP_GetVersion) for [Anonymous Symbol]
    stm32f429i_discovery.o(.text.BSP_LED_Init) refers to stm32f429i_discovery.o(.rodata.GPIO_PIN) for GPIO_PIN
    stm32f429i_discovery.o(.text.BSP_LED_Init) refers to stm32f429i_discovery.o(.data.GPIO_PORT) for GPIO_PORT
    stm32f429i_discovery.o(.text.BSP_LED_Init) refers to stm32f4xx_hal_gpio.o(.text.HAL_GPIO_Init) for HAL_GPIO_Init
    stm32f429i_discovery.o(.text.BSP_LED_Init) refers to stm32f4xx_hal_gpio.o(.text.HAL_GPIO_WritePin) for HAL_GPIO_WritePin
    stm32f429i_discovery.o(.ARM.exidx.text.BSP_LED_Init) refers to stm32f429i_discovery.o(.text.BSP_LED_Init) for [Anonymous Symbol]
    stm32f429i_discovery.o(.text.BSP_LED_On) refers to stm32f429i_discovery.o(.data.GPIO_PORT) for GPIO_PORT
    stm32f429i_discovery.o(.text.BSP_LED_On) refers to stm32f429i_discovery.o(.rodata.GPIO_PIN) for GPIO_PIN
    stm32f429i_discovery.o(.text.BSP_LED_On) refers to stm32f4xx_hal_gpio.o(.text.HAL_GPIO_WritePin) for HAL_GPIO_WritePin
    stm32f429i_discovery.o(.ARM.exidx.text.BSP_LED_On) refers to stm32f429i_discovery.o(.text.BSP_LED_On) for [Anonymous Symbol]
    stm32f429i_discovery.o(.text.BSP_LED_Off) refers to stm32f429i_discovery.o(.data.GPIO_PORT) for GPIO_PORT
    stm32f429i_discovery.o(.text.BSP_LED_Off) refers to stm32f429i_discovery.o(.rodata.GPIO_PIN) for GPIO_PIN
    stm32f429i_discovery.o(.text.BSP_LED_Off) refers to stm32f4xx_hal_gpio.o(.text.HAL_GPIO_WritePin) for HAL_GPIO_WritePin
    stm32f429i_discovery.o(.ARM.exidx.text.BSP_LED_Off) refers to stm32f429i_discovery.o(.text.BSP_LED_Off) for [Anonymous Symbol]
    stm32f429i_discovery.o(.text.BSP_LED_Toggle) refers to stm32f429i_discovery.o(.data.GPIO_PORT) for GPIO_PORT
    stm32f429i_discovery.o(.text.BSP_LED_Toggle) refers to stm32f429i_discovery.o(.rodata.GPIO_PIN) for GPIO_PIN
    stm32f429i_discovery.o(.text.BSP_LED_Toggle) refers to stm32f4xx_hal_gpio.o(.text.HAL_GPIO_TogglePin) for HAL_GPIO_TogglePin
    stm32f429i_discovery.o(.ARM.exidx.text.BSP_LED_Toggle) refers to stm32f429i_discovery.o(.text.BSP_LED_Toggle) for [Anonymous Symbol]
    stm32f429i_discovery.o(.text.BSP_PB_Init) refers to stm32f429i_discovery.o(.data.BUTTON_PORT) for BUTTON_PORT
    stm32f429i_discovery.o(.text.BSP_PB_Init) refers to stm32f4xx_hal_gpio.o(.text.HAL_GPIO_Init) for HAL_GPIO_Init
    stm32f429i_discovery.o(.text.BSP_PB_Init) refers to stm32f4xx_hal_cortex.o(.text.HAL_NVIC_SetPriority) for HAL_NVIC_SetPriority
[...]
    huart1                                   0x20004614   Data          68  usart.o(.bss.huart1)
    n0H                                      0x20004658   Data           1  var_printh.o(.bss.n0H)
    n1H                                      0x20004659   Data           1  var_printh.o(.bss.n1H)
    n2H                                      0x2000465a   Data           1  var_printh.o(.bss.n2H)
    n3H                                      0x2000465b   Data           1  var_printh.o(.bss.n3H)
    n4H                                      0x2000465c   Data           1  var_printh.o(.bss.n4H)
    n5H                                      0x2000465d   Data           1  var_printh.o(.bss.n5H)
    pc_buf                                   0x2000465e   Data         228  main.o(.bss.pc_buf)
    pc_buf_size                              0x20004742   Data           2  main.o(.bss.pc_buf_size)
    res                                      0x20004744   Data           1  main.o(.bss.res)
    retSD                                    0x20004745   Data           1  fatfs.o(.bss.retSD)
    s1                                       0x20004746   Data          12  main.o(.bss.s1)
    stmpe811                                 0x20004752   Data           2  stmpe811.o(.bss.stmpe811)
    t                                        0x20004754   Data           1  txt_printh.o(.bss.t)
    tx_count                                 0x20004756   Data           2  usbd_cdc_if.o(.bss.tx_count)
    uwTick                                   0x20004758   Data           4  stm32f4xx_hal.o(.bss.uwTick)
    __initial_sp                             0x20006760   Data           0  startup_stm32f429xx.o(STACK)



==============================================================================

Memory Map of the image

  Image Entry point : 0x080001ad

  Load Region LR_IROM1 (Base: 0x08000000, Size: 0x00011ad8, Max: 0x00200000, ABSOLUTE, COMPRESSED[0x00011a60])

    Execution Region ER_IROM1 (Exec base: 0x08000000, Load base: 0x08000000, Size: 0x00011948, Max: 0x00200000, ABSOLUTE)

    Exec Addr    Load Addr    Size         Type   Attr      Idx    E Section Name        Object

    0x08000000   0x08000000   0x000001ac   Data   RO            3    RESET               startup_stm32f429xx.o
    0x080001ac   0x080001ac   0x00000000   Code   RO         3527  * .ARM.Collect$$$$00000000  mc_w.l(entry.o)
    0x080001ac   0x080001ac   0x00000004   Code   RO         3797    .ARM.Collect$$$$00000001  mc_w.l(entry2.o)
    0x080001b0   0x080001b0   0x00000004   Code   RO         3800    .ARM.Collect$$$$00000004  mc_w.l(entry5.o)
    0x080001b4   0x080001b4   0x00000000   Code   RO         3802    .ARM.Collect$$$$00000008  mc_w.l(entry7b.o)
    0x080001b4   0x080001b4   0x00000000   Code   RO         3804    .ARM.Collect$$$$0000000A  mc_w.l(entry8b.o)
    0x080001b4   0x080001b4   0x00000008   Code   RO         3805    .ARM.Collect$$$$0000000B  mc_w.l(entry9a.o)
    0x080001bc   0x080001bc   0x00000000   Code   RO         3807    .ARM.Collect$$$$0000000D  mc_w.l(entry10a.o)
    0x080001bc   0x080001bc   0x00000000   Code   RO         3809    .ARM.Collect$$$$0000000F  mc_w.l(entry11a.o)
    0x080001bc   0x080001bc   0x00000004   Code   RO         3798    .ARM.Collect$$$$00002712  mc_w.l(entry2.o)
    0x080001c0   0x080001c0   0x00000024   Code   RO            4    .text               startup_stm32f429xx.o
    0x080001e4   0x080001e4   0x00000062   Code   RO         3530    .text               mc_w.l(uldiv.o)
    0x08000246   0x08000246   0x00000024   Code   RO         3532    .text               mc_w.l(memseta.o)
    0x0800026a   0x0800026a   0x0000002c   Code   RO         3825    .text               mc_w.l(uidiv.o)
    0x08000296   0x08000296   0x0000001e   Code   RO         3827    .text               mc_w.l(llshl.o)
    0x080002b4   0x080002b4   0x00000020   Code   RO         3829    .text               mc_w.l(llushr.o)
    0x080002d4   0x080002d4   0x00000024   Code   RO         3842    .text               mc_w.l(init.o)
    0x080002f8   0x080002f8   0x00000056   Code   RO         3858    .text               mc_w.l(__dczerorl2.o)
    0x0800034e   0x0800034e   0x00000002   PAD
    0x08000350   0x08000350   0x00000040   Code   RO          240    .text.BSP_LCD_Clear  stm32f429i_discovery_lcd1.o
    0x08000390   0x08000390   0x0000003a   Code   RO          288    .text.BSP_LCD_DisplayCharH  stm32f429i_discovery_lcd1.o
    0x080003ca   0x080003ca   0x00000002   PAD
    0x080003cc   0x080003cc   0x00000016   Code   RO          284    .text.BSP_LCD_DisplayOn  stm32f429i_discovery_lcd1.o
    0x080003e2   0x080003e2   0x00000002   PAD
    0x080003e4   0x080003e4   0x000000d8   Code   RO          292    .text.BSP_LCD_DisplayStringAtH  stm32f429i_discovery_lcd1.o
    0x080004bc   0x080004bc   0x00000022   Code   RO          294    .text.BSP_LCD_DisplayStringAtLineH  stm32f429i_discovery_lcd1.o
    0x080004de   0x080004de   0x00000002   PAD
    0x080004e0   0x080004e0   0x00000034   Code   RO          262    .text.BSP_LCD_DrawPixel  stm32f429i_discovery_lcd1.o
    0x08000514   0x08000514   0x0000001e   Code   RO          236    .text.BSP_LCD_GetFont  stm32f429i_discovery_lcd1.o
    0x08000532   0x08000532   0x00000002   PAD
    0x08000534   0x08000534   0x00000012   Code   RO          208    .text.BSP_LCD_GetXSize  stm32f429i_discovery_lcd1.o
    0x08000546   0x08000546   0x00000002   PAD
    0x08000548   0x08000548   0x00000012   Code   RO          210    .text.BSP_LCD_GetYSize  stm32f429i_discovery_lcd1.o
    0x0800055a   0x0800055a   0x00000002   PAD
    0x0800055c   0x0800055c   0x000000a2   Code   RO          202    .text.BSP_LCD_Init  stm32f429i_discovery_lcd1.o
    0x080005fe   0x080005fe   0x00000002   PAD
    0x08000600   0x08000600   0x00000086   Code   RO          212    .text.BSP_LCD_LayerDefaultInit  stm32f429i_discovery_lcd1.o
    0x08000686   0x08000686   0x00000002   PAD
    0x08000688   0x08000688   0x0000000c   Code   RO          214    .text.BSP_LCD_SelectLayer  stm32f429i_discovery_lcd1.o
    0x08000694   0x08000694   0x0000001e   Code   RO          234    .text.BSP_LCD_SetBackColor  stm32f429i_discovery_lcd1.o
    0x080006b2   0x080006b2   0x00000002   PAD
    0x080006b4   0x080006b4   0x0000001e   Code   RO          224    .text.BSP_LCD_SetColorKeying  stm32f429i_discovery_lcd1.o
    0x080006d2   0x080006d2   0x00000002   PAD
    0x080006d4   0x080006d4   0x0000001e   Code   RO          206    .text.BSP_LCD_SetFont  stm32f429i_discovery_lcd1.o
    0x080006f2   0x080006f2   0x00000002   PAD
    0x080006f4   0x080006f4   0x0000002a   Code   RO          216    .text.BSP_LCD_SetLayerVisible  stm32f429i_discovery_lcd1.o
    0x0800071e   0x0800071e   0x00000002   PAD
    0x08000720   0x08000720   0x0000001c   Code   RO          232    .text.BSP_LCD_SetTextColor  stm32f429i_discovery_lcd1.o
    0x0800073c   0x0800073c   0x00000088   Code   RO          146    .text.BSP_SDRAM_Init  stm32f429i_discovery_sdram.o
    0x080007c4   0x080007c4   0x00000096   Code   RO          150    .text.BSP_SDRAM_Initialization_sequence  stm32f429i_discovery_sdram.o
    0x0800085a   0x0800085a   0x00000002   PAD
    0x0800085c   0x0800085c   0x0000018c   Code   RO          148    .text.BSP_SDRAM_MspInit  stm32f429i_discovery_sdram.o
    0x080009e8   0x080009e8   0x00000002   Code   RO          867    .text.BSP_SD_AbortCallback  bsp_driver_sd.o
    0x080009ea   0x080009ea   0x00000002   PAD
    0x080009ec   0x080009ec   0x00000012   Code   RO          863    .text.BSP_SD_GetCardInfo  bsp_driver_sd.o
    0x080009fe   0x080009fe   0x00000002   PAD
    0x08000a00   0x08000a00   0x00000016   Code   RO          861    .text.BSP_SD_GetCardState  bsp_driver_sd.o
    0x08000a16   0x08000a16   0x00000002   PAD
    0x08000a18   0x08000a18   0x0000001c   Code   RO          843    .text.BSP_SD_Init   bsp_driver_sd.o
    0x08000a34   0x08000a34   0x00000010   Code   RO          845    .text.BSP_SD_IsDetected  bsp_driver_sd.o
    0x08000a44   0x08000a44   0x00000026   Code   RO          851    .text.BSP_SD_ReadBlocks  bsp_driver_sd.o
    0x08000a6a   0x08000a6a   0x00000002   PAD
    0x08000a6c   0x08000a6c   0x00000002   Code   RO          875    .text.BSP_SD_ReadCpltCallback  bsp_driver_sd.o
    0x08000a6e   0x08000a6e   0x00000002   PAD
    0x08000a70   0x08000a70   0x00000026   Code   RO          853    .text.BSP_SD_WriteBlocks  bsp_driver_sd.o
    0x08000a96   0x08000a96   0x00000002   PAD
    0x08000a98   0x08000a98   0x00000002   Code   RO          871    .text.BSP_SD_WriteCpltCallback  bsp_driver_sd.o
    0x08000a9a   0x08000a9a   0x00000002   PAD
    0x08000a9c   0x08000a9c   0x00000042   Code   RO          180    .text.BSP_TS_Init   stm32f429i_discovery_ts.o
    0x08000ade   0x08000ade   0x00000002   PAD
    0x08000ae0   0x08000ae0   0x00000002   Code   RO          798    .text.BusFault_Handler  stm32f4xx_it.o
    0x08000ae2   0x08000ae2   0x00000002   PAD
    0x08000ae4   0x08000ae4   0x0000003a   Code   RO          968    .text.CDC_Control_HS  usbd_cdc_if.o
    0x08000b1e   0x08000b1e   0x00000002   PAD
    0x08000b20   0x08000b20   0x00000004   Code   RO          966    .text.CDC_DeInit_HS  usbd_cdc_if.o
    0x08000b24   0x08000b24   0x0000002c   Code   RO          964    .text.CDC_Init_HS   usbd_cdc_if.o
    0x08000b50   0x08000b50   0x00000092   Code   RO          970    .text.CDC_Receive_HS  usbd_cdc_if.o
    0x08000be2   0x08000be2   0x00000002   PAD
    0x08000be4   0x08000be4   0x00000004   Code   RO          972    .text.CDC_TransmitCplt_HS  usbd_cdc_if.o
    0x08000be8   0x08000be8   0x00000010   Code   RO          826    .text.DMA2D_IRQHandler  stm32f4xx_it.o
    0x08000bf8   0x08000bf8   0x000000a6   Code   RO         1790    .text.DMA2D_SetConfig  stm32f4xx_hal_dma2d.o
    0x08000c9e   0x08000c9e   0x00000002   PAD
    0x08000ca0   0x08000ca0   0x00000010   Code   RO          816    .text.DMA2_Stream0_IRQHandler  stm32f4xx_it.o
    0x08000cb0   0x08000cb0   0x00000010   Code   RO          818    .text.DMA2_Stream1_IRQHandler  stm32f4xx_it.o
    0x08000cc0   0x08000cc0   0x00000010   Code   RO          820    .text.DMA2_Stream3_IRQHandler  stm32f4xx_it.o
    0x08000cd0   0x08000cd0   0x0000003c   Code   RO         1479    .text.DMA_CalcBaseAndBitshift  stm32f4xx_hal_dma.o
    0x08000d0c   0x08000d0c   0x00000050   Code   RO         1477    .text.DMA_CheckFifoParam  stm32f4xx_hal_dma.o
    0x08000d5c   0x08000d5c   0x00000002   Code   RO          804    .text.DebugMon_Handler  stm32f4xx_it.o
    0x08000d5e   0x08000d5e   0x00000002   PAD
    0x08000d60   0x08000d60   0x000000d8   Code   RO          290    .text.DrawCharH     stm32f429i_discovery_lcd1.o
    0x08000e38   0x08000e38   0x00000028   Code   RO          530    .text.Error_Handler  main.o
    0x08000e60   0x08000e60   0x0000000a   Code   RO         3352    .text.FATFS_LinkDriver  ff_gen_drv.o
    0x08000e6a   0x08000e6a   0x00000002   PAD
    0x08000e6c   0x08000e6c   0x00000050   Code   RO         3350    .text.FATFS_LinkDriverEx  ff_gen_drv.o
    0x08000ebc   0x08000ebc   0x000001e2   Code   RO         1885    .text.FMC_SDRAM_Init  stm32f4xx_ll_fmc.o
    0x0800109e   0x0800109e   0x00000002   PAD
    0x080010a0   0x080010a0   0x0000004a   Code   RO         1897    .text.FMC_SDRAM_ProgramRefreshRate  stm32f4xx_ll_fmc.o
    0x080010ea   0x080010ea   0x00000002   PAD
    0x080010ec   0x080010ec   0x000000e4   Code   RO         1895    .text.FMC_SDRAM_SendCommand  stm32f4xx_ll_fmc.o
    0x080011d0   0x080011d0   0x000001a4   Code   RO         1887    .text.FMC_SDRAM_Timing_Init  stm32f4xx_ll_fmc.o
    0x08001374   0x08001374   0x0000007a   Code   RO          242    .text.FillBuffer    stm32f429i_discovery_lcd1.o
    0x080013ee   0x080013ee   0x00000002   PAD
    0x080013f0   0x080013f0   0x00000034   Code   RO          947    .text.Get_SerialNum  usbd_desc.o
    0x08001424   0x08001424   0x0000003e   Code   RO         1753    .text.HAL_CRC_Init  stm32f4xx_hal_crc.o
    0x08001462   0x08001462   0x00000002   PAD
    0x08001464   0x08001464   0x00000032   Code   RO          611    .text.HAL_CRC_MspInit  crc.o
    0x08001496   0x08001496   0x00000002   PAD
    0x08001498   0x08001498   0x00000002   Code   RO         1822    .text.HAL_DMA2D_CLUTLoadingCpltCallback  stm32f4xx_hal_dma2d.o
    0x0800149a   0x0800149a   0x00000002   PAD
    0x0800149c   0x0800149c   0x00000102   Code   RO         1824    .text.HAL_DMA2D_ConfigLayer  stm32f4xx_hal_dma2d.o
    0x0800159e   0x0800159e   0x00000002   PAD
    0x080015a0   0x080015a0   0x0000013c   Code   RO         1818    .text.HAL_DMA2D_IRQHandler  stm32f4xx_hal_dma2d.o
    0x080016dc   0x080016dc   0x000000b4   Code   RO         1776    .text.HAL_DMA2D_Init  stm32f4xx_hal_dma2d.o
    0x08001790   0x08001790   0x00000002   Code   RO         1820    .text.HAL_DMA2D_LineEventCallback  stm32f4xx_hal_dma2d.o
    0x08001792   0x08001792   0x00000002   PAD
    0x08001794   0x08001794   0x00000048   Code   RO          635    .text.HAL_DMA2D_MspInit  dma2d.o
    0x080017dc   0x080017dc   0x00000134   Code   RO         1816    .text.HAL_DMA2D_PollForTransfer  stm32f4xx_hal_dma2d.o
    0x08001910   0x08001910   0x00000076   Code   RO         1788    .text.HAL_DMA2D_Start  stm32f4xx_hal_dma2d.o
    0x08001986   0x08001986   0x00000002   PAD
    0x08001988   0x08001988   0x00000024   Code   RO         1491    .text.HAL_DMA_Abort_IT  stm32f4xx_hal_dma.o
    0x080019ac   0x080019ac   0x00000158   Code   RO         1481    .text.HAL_DMA_DeInit  stm32f4xx_hal_dma.o
    0x08001b04   0x08001b04   0x0000018c   Code   RO         1495    .text.HAL_DMA_IRQHandler  stm32f4xx_hal_dma.o
    0x08001c90   0x08001c90   0x0000032a   Code   RO         1475    .text.HAL_DMA_Init  stm32f4xx_hal_dma.o
    0x08001fba   0x08001fba   0x00000002   PAD
    0x08001fbc   0x08001fbc   0x00000028   Code   RO         1677    .text.HAL_Delay     stm32f4xx_hal.o
    0x08001fe4   0x08001fe4   0x000000e8   Code   RO          652    .text.HAL_FMC_MspInit  fmc.o
    0x080020cc   0x080020cc   0x0000011c   Code   RO         1435    .text.HAL_GPIO_DeInit  stm32f4xx_hal_gpio.o
    0x080021e8   0x080021e8   0x0000027a   Code   RO         1433    .text.HAL_GPIO_Init  stm32f4xx_hal_gpio.o
    0x08002462   0x08002462   0x00000002   PAD
    0x08002464   0x08002464   0x0000002a   Code   RO         1441    .text.HAL_GPIO_TogglePin  stm32f4xx_hal_gpio.o
    0x0800248e   0x0800248e   0x00000002   PAD
    0x08002490   0x08002490   0x00000042   Code   RO         1439    .text.HAL_GPIO_WritePin  stm32f4xx_hal_gpio.o
    0x080024d2   0x080024d2   0x00000002   PAD
    0x080024d4   0x080024d4   0x0000000c   Code   RO         1669    .text.HAL_GetTick   stm32f4xx_hal.o
    0x080024e0   0x080024e0   0x0000008c   Code   RO         2143    .text.HAL_I2CEx_ConfigAnalogFilter  stm32f4xx_hal_i2c_ex.o
    0x0800256c   0x0800256c   0x00000088   Code   RO         2145    .text.HAL_I2CEx_ConfigDigitalFilter  stm32f4xx_hal_i2c_ex.o
    0x080025f4   0x080025f4   0x0000006c   Code   RO         1976    .text.HAL_I2C_DeInit  stm32f4xx_hal_i2c.o
    0x08002660   0x08002660   0x00000006   Code   RO         2122    .text.HAL_I2C_GetState  stm32f4xx_hal_i2c.o
    0x08002666   0x08002666   0x00000002   PAD
    0x08002668   0x08002668   0x000002a6   Code   RO         1972    .text.HAL_I2C_Init  stm32f4xx_hal_i2c.o
    0x0800290e   0x0800290e   0x00000002   PAD
    0x08002910   0x08002910   0x00000226   Code   RO         2026    .text.HAL_I2C_Mem_Read  stm32f4xx_hal_i2c.o
    0x08002b36   0x08002b36   0x00000002   PAD
    0x08002b38   0x08002b38   0x00000142   Code   RO         2022    .text.HAL_I2C_Mem_Write  stm32f4xx_hal_i2c.o
    0x08002c7a   0x08002c7a   0x00000002   PAD
    0x08002c7c   0x08002c7c   0x0000003c   Code   RO          673    .text.HAL_I2C_MspDeInit  i2c.o
    0x08002cb8   0x08002cb8   0x000000b2   Code   RO          671    .text.HAL_I2C_MspInit  i2c.o
    0x08002d6a   0x08002d6a   0x00000002   PAD
    0x08002d6c   0x08002d6c   0x0000001a   Code   RO         1667    .text.HAL_IncTick   stm32f4xx_hal.o
    0x08002d86   0x08002d86   0x00000002   PAD
    0x08002d88   0x08002d88   0x00000036   Code   RO         1657    .text.HAL_Init      stm32f4xx_hal.o
    0x08002dbe   0x08002dbe   0x00000002   PAD
    0x08002dc0   0x08002dc0   0x00000050   Code   RO         1659    .text.HAL_InitTick  stm32f4xx_hal.o
    0x08002e10   0x08002e10   0x00000054   Code   RO         2176    .text.HAL_LTDC_ConfigColorKeying  stm32f4xx_hal_ltdc.o
    0x08002e64   0x08002e64   0x0000019a   Code   RO         2172    .text.HAL_LTDC_ConfigLayer  stm32f4xx_hal_ltdc.o
    0x08002ffe   0x08002ffe   0x00000002   PAD
    0x08003000   0x08003000   0x0000004e   Code   RO         2180    .text.HAL_LTDC_EnableColorKeying  stm32f4xx_hal_ltdc.o
    0x0800304e   0x0800304e   0x00000002   PAD
    0x08003050   0x08003050   0x00000030   Code   RO         2188    .text.HAL_LTDC_EnableDither  stm32f4xx_hal_ltdc.o
    0x08003080   0x08003080   0x00000002   Code   RO         2166    .text.HAL_LTDC_ErrorCallback  stm32f4xx_hal_ltdc.o
    0x08003082   0x08003082   0x00000002   PAD
    0x08003084   0x08003084   0x000000be   Code   RO         2164    .text.HAL_LTDC_IRQHandler  stm32f4xx_hal_ltdc.o
    0x08003142   0x08003142   0x00000002   PAD
    0x08003144   0x08003144   0x00000218   Code   RO         2156    .text.HAL_LTDC_Init  stm32f4xx_hal_ltdc.o
    0x0800335c   0x0800335c   0x00000002   Code   RO         2168    .text.HAL_LTDC_LineEventCallback  stm32f4xx_hal_ltdc.o
    0x0800335e   0x0800335e   0x00000002   PAD
    0x08003360   0x08003360   0x000001ba   Code   RO          686    .text.HAL_LTDC_MspInit  ltdc.o
    0x0800351a   0x0800351a   0x00000002   PAD
    0x0800351c   0x0800351c   0x00000002   Code   RO         2170    .text.HAL_LTDC_ReloadEventCallback  stm32f4xx_hal_ltdc.o
    0x0800351e   0x0800351e   0x00000002   PAD
    0x08003520   0x08003520   0x00000038   Code   RO          835    .text.HAL_MspInit   stm32f4xx_hal_msp.o
    0x08003558   0x08003558   0x00000020   Code   RO         1596    .text.HAL_NVIC_EnableIRQ  stm32f4xx_hal_cortex.o
    0x08003578   0x08003578   0x00000042   Code   RO         1588    .text.HAL_NVIC_SetPriority  stm32f4xx_hal_cortex.o
    0x080035ba   0x080035ba   0x00000002   PAD
    0x080035bc   0x080035bc   0x00000020   Code   RO         1584    .text.HAL_NVIC_SetPriorityGrouping  stm32f4xx_hal_cortex.o
    0x080035dc   0x080035dc   0x00000002   Code   RO         1151    .text.HAL_PCDEx_LPM_Callback  stm32f4xx_hal_pcd_ex.o
    0x080035de   0x080035de   0x00000002   PAD
    0x080035e0   0x080035e0   0x00000008   Code   RO         1149    .text.HAL_PCDEx_SetRxFiFo  stm32f4xx_hal_pcd_ex.o
    0x080035e8   0x080035e8   0x00000050   Code   RO         1147    .text.HAL_PCDEx_SetTxFiFo  stm32f4xx_hal_pcd_ex.o
    0x08003638   0x08003638   0x0000000c   Code   RO         1013    .text.HAL_PCD_ConnectCallback  usbd_conf.o
    0x08003644   0x08003644   0x00000018   Code   RO          999    .text.HAL_PCD_DataInStageCallback  usbd_conf.o
    0x0800365c   0x0800365c   0x0000001a   Code   RO          997    .text.HAL_PCD_DataOutStageCallback  usbd_conf.o
    0x08003676   0x08003676   0x00000002   PAD
    0x08003678   0x08003678   0x0000000c   Code   RO         1015    .text.HAL_PCD_DisconnectCallback  usbd_conf.o
    0x08003684   0x08003684   0x00000024   Code   RO         1097    .text.HAL_PCD_EP_Abort  stm32f4xx_hal_pcd.o
    0x080036a8   0x080036a8   0x0000004c   Code   RO         1117    .text.HAL_PCD_EP_Close  stm32f4xx_hal_pcd.o
    0x080036f4   0x080036f4   0x00000062   Code   RO         1127    .text.HAL_PCD_EP_ClrStall  stm32f4xx_hal_pcd.o
    0x08003756   0x08003756   0x00000002   PAD
    0x08003758   0x08003758   0x00000012   Code   RO         1121    .text.HAL_PCD_EP_GetRxCount  stm32f4xx_hal_pcd.o
    0x0800376a   0x0800376a   0x00000002   PAD
    0x0800376c   0x0800376c   0x00000060   Code   RO         1115    .text.HAL_PCD_EP_Open  stm32f4xx_hal_pcd.o
    0x080037cc   0x080037cc   0x0000004c   Code   RO         1119    .text.HAL_PCD_EP_Receive  stm32f4xx_hal_pcd.o
    0x08003818   0x08003818   0x0000006e   Code   RO         1125    .text.HAL_PCD_EP_SetStall  stm32f4xx_hal_pcd.o
    0x08003886   0x08003886   0x00000002   PAD
    0x08003888   0x08003888   0x00000044   Code   RO         1123    .text.HAL_PCD_EP_Transmit  stm32f4xx_hal_pcd.o
    0x080038cc   0x080038cc   0x000005b2   Code   RO         1075    .text.HAL_PCD_IRQHandler  stm32f4xx_hal_pcd.o
    0x08003e7e   0x08003e7e   0x00000002   PAD
    0x08003e80   0x08003e80   0x0000000c   Code   RO         1011    .text.HAL_PCD_ISOINIncompleteCallback  usbd_conf.o
    0x08003e8c   0x08003e8c   0x0000000c   Code   RO         1009    .text.HAL_PCD_ISOOUTIncompleteCallback  usbd_conf.o
    0x08003e98   0x08003e98   0x00000198   Code   RO         1063    .text.HAL_PCD_Init  stm32f4xx_hal_pcd.o
    0x08004030   0x08004030   0x0000009a   Code   RO          991    .text.HAL_PCD_MspInit  usbd_conf.o
    0x080040ca   0x080040ca   0x00000002   PAD
    0x080040cc   0x080040cc   0x00000028   Code   RO         1003    .text.HAL_PCD_ResetCallback  usbd_conf.o
    0x080040f4   0x080040f4   0x0000000c   Code   RO         1007    .text.HAL_PCD_ResumeCallback  usbd_conf.o
    0x08004100   0x08004100   0x0000000c   Code   RO         1001    .text.HAL_PCD_SOFCallback  usbd_conf.o
    0x0800410c   0x0800410c   0x00000028   Code   RO         1113    .text.HAL_PCD_SetAddress  stm32f4xx_hal_pcd.o
    0x08004134   0x08004134   0x00000012   Code   RO          995    .text.HAL_PCD_SetupStageCallback  usbd_conf.o
    0x08004146   0x08004146   0x00000002   PAD
    0x08004148   0x08004148   0x0000003e   Code   RO         1071    .text.HAL_PCD_Start  stm32f4xx_hal_pcd.o
    0x08004186   0x08004186   0x00000002   PAD
    0x08004188   0x08004188   0x00000034   Code   RO         1005    .text.HAL_PCD_SuspendCallback  usbd_conf.o
    0x080041bc   0x080041bc   0x0000059a   Code   RO         1306    .text.HAL_RCCEx_PeriphCLKConfig  stm32f4xx_hal_rcc_ex.o
    0x08004756   0x08004756   0x00000002   PAD
    0x08004758   0x08004758   0x0000021e   Code   RO         1273    .text.HAL_RCC_ClockConfig  stm32f4xx_hal_rcc.o
    0x08004976   0x08004976   0x00000002   PAD
    0x08004978   0x08004978   0x0000000c   Code   RO         1283    .text.HAL_RCC_GetHCLKFreq  stm32f4xx_hal_rcc.o
    0x08004984   0x08004984   0x00000022   Code   RO         1285    .text.HAL_RCC_GetPCLK1Freq  stm32f4xx_hal_rcc.o
    0x080049a6   0x080049a6   0x00000002   PAD
    0x080049a8   0x080049a8   0x00000022   Code   RO         1287    .text.HAL_RCC_GetPCLK2Freq  stm32f4xx_hal_rcc.o
    0x080049ca   0x080049ca   0x00000002   PAD
    0x080049cc   0x080049cc   0x0000006a   Code   RO         1275    .text.HAL_RCC_GetSysClockFreq  stm32f4xx_hal_rcc.o
    0x08004a36   0x08004a36   0x00000002   PAD
    0x08004a38   0x08004a38   0x000004a2   Code   RO         1271    .text.HAL_RCC_OscConfig  stm32f4xx_hal_rcc.o
    0x08004eda   0x08004eda   0x00000002   PAD
    0x08004edc   0x08004edc   0x00000024   Code   RO         2352    .text.HAL_RTCEx_BKUPRead  stm32f4xx_hal_rtc_ex.o
    0x08004f00   0x08004f00   0x0000005a   Code   RO         2269    .text.HAL_RTC_GetDate  stm32f4xx_hal_rtc.o
    0x08004f5a   0x08004f5a   0x00000002   PAD
    0x08004f5c   0x08004f5c   0x00000064   Code   RO         2265    .text.HAL_RTC_GetTime  stm32f4xx_hal_rtc.o
    0x08004fc0   0x08004fc0   0x00000140   Code   RO         2247    .text.HAL_RTC_Init  stm32f4xx_hal_rtc.o
    0x08005100   0x08005100   0x00000048   Code   RO          701    .text.HAL_RTC_MspInit  rtc.o
    0x08005148   0x08005148   0x0000015c   Code   RO         2267    .text.HAL_RTC_SetDate  stm32f4xx_hal_rtc.o
    0x080052a4   0x080052a4   0x000001fc   Code   RO         2259    .text.HAL_RTC_SetTime  stm32f4xx_hal_rtc.o
    0x080054a0   0x080054a0   0x00000030   Code   RO         2285    .text.HAL_RTC_WaitForSynchro  stm32f4xx_hal_rtc.o
    0x080054d0   0x080054d0   0x00000042   Code   RO         1912    .text.HAL_SDRAM_Init  stm32f4xx_hal_sdram.o
    0x08005512   0x08005512   0x00000002   PAD
    0x08005514   0x08005514   0x00000008   Code   RO          650    .text.HAL_SDRAM_MspInit  fmc.o
    0x0800551c   0x0800551c   0x00000030   Code   RO         1956    .text.HAL_SDRAM_ProgramRefreshRate  stm32f4xx_hal_sdram.o
    0x0800554c   0x0800554c   0x0000003c   Code   RO         1954    .text.HAL_SDRAM_SendCommand  stm32f4xx_hal_sdram.o
    0x08005588   0x08005588   0x00000008   Code   RO          865    .text.HAL_SD_AbortCallback  bsp_driver_sd.o
    0x08005590   0x08005590   0x00000002   Code   RO         2528    .text.HAL_SD_ErrorCallback  stm32f4xx_hal_sd.o
    0x08005592   0x08005592   0x00000002   PAD
    0x08005594   0x08005594   0x00000178   Code   RO         2548    .text.HAL_SD_GetCardCSD  stm32f4xx_hal_sd.o
    0x0800570c   0x0800570c   0x00000024   Code   RO         2554    .text.HAL_SD_GetCardInfo  stm32f4xx_hal_sd.o
    0x08005730   0x08005730   0x00000024   Code   RO         2562    .text.HAL_SD_GetCardState  stm32f4xx_hal_sd.o
    0x08005754   0x08005754   0x000001a2   Code   RO         2524    .text.HAL_SD_IRQHandler  stm32f4xx_hal_sd.o
    0x080058f6   0x080058f6   0x00000002   PAD
    0x080058f8   0x080058f8   0x0000010a   Code   RO         2488    .text.HAL_SD_Init   stm32f4xx_hal_sd.o
    0x08005a02   0x08005a02   0x00000002   PAD
    0x08005a04   0x08005a04   0x00000094   Code   RO         2492    .text.HAL_SD_InitCard  stm32f4xx_hal_sd.o
    0x08005a98   0x08005a98   0x00000122   Code   RO          716    .text.HAL_SD_MspInit  sdio.o
    0x08005bba   0x08005bba   0x00000002   PAD
    0x08005bbc   0x08005bbc   0x000001e2   Code   RO         2504    .text.HAL_SD_ReadBlocks  stm32f4xx_hal_sd.o
    0x08005d9e   0x08005d9e   0x00000002   PAD
    0x08005da0   0x08005da0   0x00000008   Code   RO          873    .text.HAL_SD_RxCpltCallback  bsp_driver_sd.o
    0x08005da8   0x08005da8   0x00000008   Code   RO          869    .text.HAL_SD_TxCpltCallback  bsp_driver_sd.o
    0x08005db0   0x08005db0   0x000001d4   Code   RO         2506    .text.HAL_SD_WriteBlocks  stm32f4xx_hal_sd.o
    0x08005f84   0x08005f84   0x00000090   Code   RO         2585    .text.HAL_SPI_DeInit  stm32f4xx_hal_spi.o
    0x08006014   0x08006014   0x00000006   Code   RO         2679    .text.HAL_SPI_GetState  stm32f4xx_hal_spi.o
    0x0800601a   0x0800601a   0x00000002   PAD
    0x0800601c   0x0800601c   0x00000244   Code   RO         2581    .text.HAL_SPI_Init  stm32f4xx_hal_spi.o
    0x08006260   0x08006260   0x00000072   Code   RO          736    .text.HAL_SPI_MspDeInit  spi.o
    0x080062d2   0x080062d2   0x00000002   PAD
    0x080062d4   0x080062d4   0x0000015a   Code   RO          734    .text.HAL_SPI_MspInit  spi.o
    0x0800642e   0x0800642e   0x00000002   PAD
    0x08006430   0x08006430   0x0000014e   Code   RO         2593    .text.HAL_SPI_Receive  stm32f4xx_hal_spi.o
    0x0800657e   0x0800657e   0x00000002   PAD
    0x08006580   0x08006580   0x00000198   Code   RO         2589    .text.HAL_SPI_Transmit  stm32f4xx_hal_spi.o
    0x08006718   0x08006718   0x000001f6   Code   RO         2595    .text.HAL_SPI_TransmitReceive  stm32f4xx_hal_spi.o
    0x0800690e   0x0800690e   0x00000002   PAD
    0x08006910   0x08006910   0x00000008   Code   RO         1608    .text.HAL_SYSTICK_Config  stm32f4xx_hal_cortex.o
    0x08006918   0x08006918   0x00000002   Code   RO         3025    .text.HAL_TIMEx_BreakCallback  stm32f4xx_hal_tim_ex.o
    0x0800691a   0x0800691a   0x00000002   PAD
    0x0800691c   0x0800691c   0x00000002   Code   RO         3021    .text.HAL_TIMEx_CommutCallback  stm32f4xx_hal_tim_ex.o
    0x0800691e   0x0800691e   0x00000002   PAD
    0x08006920   0x08006920   0x00000170   Code   RO         3015    .text.HAL_TIMEx_MasterConfigSynchronization  stm32f4xx_hal_tim_ex.o
    0x08006a90   0x08006a90   0x000001a0   Code   RO         2700    .text.HAL_TIM_Base_Init  stm32f4xx_hal_tim.o
    0x08006c30   0x08006c30   0x00000074   Code   RO          760    .text.HAL_TIM_Base_MspInit  tim.o
    0x08006ca4   0x08006ca4   0x00000002   Code   RO         2836    .text.HAL_TIM_IC_CaptureCallback  stm32f4xx_hal_tim.o
    0x08006ca6   0x08006ca6   0x00000002   PAD
    0x08006ca8   0x08006ca8   0x0000016a   Code   RO         2834    .text.HAL_TIM_IRQHandler  stm32f4xx_hal_tim.o
    0x08006e12   0x08006e12   0x00000002   PAD
    0x08006e14   0x08006e14   0x00000058   Code   RO          752    .text.HAL_TIM_MspPostInit  tim.o
    0x08006e6c   0x08006e6c   0x00000002   Code   RO         2838    .text.HAL_TIM_OC_DelayElapsedCallback  stm32f4xx_hal_tim.o
    0x08006e6e   0x08006e6e   0x00000002   PAD
    0x08006e70   0x08006e70   0x0000031c   Code   RO         2866    .text.HAL_TIM_PWM_ConfigChannel  stm32f4xx_hal_tim.o
    0x0800718c   0x0800718c   0x000001a0   Code   RO         2754    .text.HAL_TIM_PWM_Init  stm32f4xx_hal_tim.o
    0x0800732c   0x0800732c   0x00000030   Code   RO          758    .text.HAL_TIM_PWM_MspInit  tim.o
    0x0800735c   0x0800735c   0x00000002   Code   RO         2840    .text.HAL_TIM_PWM_PulseFinishedCallback  stm32f4xx_hal_tim.o
    0x0800735e   0x0800735e   0x00000002   PAD
    0x08007360   0x08007360   0x0000012c   Code   RO          544    .text.HAL_TIM_PeriodElapsedCallback  main.o
    0x0800748c   0x0800748c   0x00000002   Code   RO         2844    .text.HAL_TIM_TriggerCallback  stm32f4xx_hal_tim.o
    0x0800748e   0x0800748e   0x00000002   PAD
    0x08007490   0x08007490   0x00000192   Code   RO         3040    .text.HAL_UART_Init  stm32f4xx_hal_uart.o
    0x08007622   0x08007622   0x00000002   PAD
    0x08007624   0x08007624   0x00000074   Code   RO          779    .text.HAL_UART_MspInit  usart.o
    0x08007698   0x08007698   0x00000002   Code   RO          794    .text.HardFault_Handler  stm32f4xx_it.o
    0x0800769a   0x0800769a   0x00000002   PAD
    0x0800769c   0x0800769c   0x00000030   Code   RO         2132    .text.I2C_IsAcknowledgeFailed  stm32f4xx_hal_i2c.o
    0x080076cc   0x080076cc   0x0000010c   Code   RO         2028    .text.I2C_RequestMemoryRead  stm32f4xx_hal_i2c.o
    0x080077d8   0x080077d8   0x000000c0   Code   RO         2024    .text.I2C_RequestMemoryWrite  stm32f4xx_hal_i2c.o
    0x08007898   0x08007898   0x0000005e   Code   RO         1988    .text.I2C_WaitOnBTFFlagUntilTimeout  stm32f4xx_hal_i2c.o
    0x080078f6   0x080078f6   0x00000002   PAD
    0x080078f8   0x080078f8   0x00000074   Code   RO         1982    .text.I2C_WaitOnFlagUntilTimeout  stm32f4xx_hal_i2c.o
    0x0800796c   0x0800796c   0x0000008c   Code   RO         2130    .text.I2C_WaitOnMasterAddressFlagUntilTimeout  stm32f4xx_hal_i2c.o
    0x080079f8   0x080079f8   0x0000005e   Code   RO         1994    .text.I2C_WaitOnRXNEFlagUntilTimeout  stm32f4xx_hal_i2c.o
    0x08007a56   0x08007a56   0x00000002   PAD
    0x08007a58   0x08007a58   0x0000005e   Code   RO         1986    .text.I2C_WaitOnTXEFlagUntilTimeout  stm32f4xx_hal_i2c.o
    0x08007ab6   0x08007ab6   0x00000002   PAD
    0x08007ab8   0x08007ab8   0x00000014   Code   RO           81    .text.I2Cx_Error    stm32f429i_discovery.o
    0x08007acc   0x08007acc   0x00000054   Code   RO           47    .text.I2Cx_ITConfig  stm32f429i_discovery.o
    0x08007b20   0x08007b20   0x00000048   Code   RO           43    .text.I2Cx_Init     stm32f429i_discovery.o
    0x08007b68   0x08007b68   0x000000d0   Code   RO           79    .text.I2Cx_MspInit  stm32f429i_discovery.o
    0x08007c38   0x08007c38   0x0000003e   Code   RO           63    .text.I2Cx_ReadBuffer  stm32f429i_discovery.o
    0x08007c76   0x08007c76   0x00000002   PAD
    0x08007c78   0x08007c78   0x00000046   Code   RO           55    .text.I2Cx_ReadData  stm32f429i_discovery.o
    0x08007cbe   0x08007cbe   0x00000002   PAD
    0x08007cc0   0x08007cc0   0x00000042   Code   RO           51    .text.I2Cx_WriteData  stm32f429i_discovery.o
    0x08007d02   0x08007d02   0x00000002   PAD
    0x08007d04   0x08007d04   0x00000008   Code   RO           65    .text.IOE_Delay     stm32f429i_discovery.o
    0x08007d0c   0x08007d0c   0x00000008   Code   RO           45    .text.IOE_ITConfig  stm32f429i_discovery.o
    0x08007d14   0x08007d14   0x00000008   Code   RO           41    .text.IOE_Init      stm32f429i_discovery.o
    0x08007d1c   0x08007d1c   0x00000008   Code   RO           53    .text.IOE_Read      stm32f429i_discovery.o
    0x08007d24   0x08007d24   0x00000008   Code   RO           61    .text.IOE_ReadMultiple  stm32f429i_discovery.o
    0x08007d2c   0x08007d2c   0x00000008   Code   RO           49    .text.IOE_Write     stm32f429i_discovery.o
    0x08007d34   0x08007d34   0x00000036   Code   RO          949    .text.IntToUnicode  usbd_desc.o
    0x08007d6a   0x08007d6a   0x00000002   PAD
    0x08007d6c   0x08007d6c   0x00000008   Code   RO           39    .text.LCD_Delay     stm32f429i_discovery.o
    0x08007d74   0x08007d74   0x000000d0   Code   RO           25    .text.LCD_IO_Init   stm32f429i_discovery.o
    0x08007e44   0x08007e44   0x00000054   Code   RO           35    .text.LCD_IO_ReadData  stm32f429i_discovery.o
    0x08007e98   0x08007e98   0x00000036   Code   RO           29    .text.LCD_IO_WriteData  stm32f429i_discovery.o
    0x08007ece   0x08007ece   0x00000002   PAD
    0x08007ed0   0x08007ed0   0x00000036   Code   RO           33    .text.LCD_IO_WriteReg  stm32f429i_discovery.o
    0x08007f06   0x08007f06   0x00000002   PAD
    0x08007f08   0x08007f08   0x00000010   Code   RO          824    .text.LTDC_IRQHandler  stm32f4xx_it.o
    0x08007f18   0x08007f18   0x00000138   Code   RO         2174    .text.LTDC_SetConfig  stm32f4xx_hal_ltdc.o
    0x08008050   0x08008050   0x00000022   Code   RO          609    .text.MX_CRC_Init   crc.o
    0x08008072   0x08008072   0x00000002   PAD
    0x08008074   0x08008074   0x00000048   Code   RO          633    .text.MX_DMA2D_Init  dma2d.o
    0x080080bc   0x080080bc   0x00000056   Code   RO          624    .text.MX_DMA_Init   dma.o
    0x08008112   0x08008112   0x00000002   PAD
    0x08008114   0x08008114   0x00000022   Code   RO          907    .text.MX_FATFS_Init  fatfs.o
    0x08008136   0x08008136   0x00000002   PAD
    0x08008138   0x08008138   0x0000006a   Code   RO          648    .text.MX_FMC_Init   fmc.o
    0x080081a2   0x080081a2   0x00000002   PAD
    0x080081a4   0x080081a4   0x000001e0   Code   RO          600    .text.MX_GPIO_Init  gpio.o
    0x08008384   0x08008384   0x0000006a   Code   RO          669    .text.MX_I2C3_Init  i2c.o
    0x080083ee   0x080083ee   0x00000002   PAD
    0x080083f0   0x080083f0   0x000000b8   Code   RO          684    .text.MX_LTDC_Init  ltdc.o
    0x080084a8   0x080084a8   0x000000ac   Code   RO          699    .text.MX_RTC_Init   rtc.o
    0x08008554   0x08008554   0x0000002a   Code   RO          714    .text.MX_SDIO_SD_Init  sdio.o
    0x0800857e   0x0800857e   0x00000002   PAD
    0x08008580   0x08008580   0x00000048   Code   RO          730    .text.MX_SPI4_Init  spi.o
    0x080085c8   0x080085c8   0x00000048   Code   RO          732    .text.MX_SPI5_Init  spi.o
    0x08008610   0x08008610   0x00000032   Code   RO          754    .text.MX_TIM10_Init  tim.o
    0x08008642   0x08008642   0x00000002   PAD
    0x08008644   0x08008644   0x00000032   Code   RO          756    .text.MX_TIM11_Init  tim.o
    0x08008676   0x08008676   0x00000002   PAD
    0x08008678   0x08008678   0x00000092   Code   RO          750    .text.MX_TIM2_Init  tim.o
    0x0800870a   0x0800870a   0x00000002   PAD
    0x0800870c   0x0800870c   0x00000038   Code   RO          777    .text.MX_USART1_UART_Init  usart.o
    0x08008744   0x08008744   0x0000006e   Code   RO          924    .text.MX_USB_DEVICE_Init  usb_device.o
    0x080087b2   0x080087b2   0x00000002   PAD
    0x080087b4   0x080087b4   0x00000002   Code   RO          796    .text.MemManage_Handler  stm32f4xx_it.o
    0x080087b6   0x080087b6   0x00000002   PAD
    0x080087b8   0x080087b8   0x00000144   Code   RO          204    .text.MspInit       stm32f429i_discovery_lcd1.o
    0x080088fc   0x080088fc   0x00000002   Code   RO          792    .text.NMI_Handler   stm32f4xx_it.o
    0x080088fe   0x080088fe   0x00000002   PAD
    0x08008900   0x08008900   0x0000002c   Code   RO         1594    .text.NVIC_EncodePriority  stm32f4xx_hal_cortex.o
    0x0800892c   0x0800892c   0x00000010   Code   RO          822    .text.OTG_HS_IRQHandler  stm32f4xx_it.o
    0x0800893c   0x0800893c   0x0000004c   Code   RO         1079    .text.PCD_EP_OutSetupPacket_int  stm32f4xx_hal_pcd.o
    0x08008988   0x08008988   0x000000d8   Code   RO         1077    .text.PCD_EP_OutXfrComplete_int  stm32f4xx_hal_pcd.o
    0x08008a60   0x08008a60   0x000000d0   Code   RO         1087    .text.PCD_WriteEmptyTxFifo  stm32f4xx_hal_pcd.o
    0x08008b30   0x08008b30   0x00000002   Code   RO          806    .text.PendSV_Handler  stm32f4xx_it.o
    0x08008b32   0x08008b32   0x00000002   PAD
    0x08008b34   0x08008b34   0x00000012   Code   RO         2263    .text.RTC_Bcd2ToByte  stm32f4xx_hal_rtc.o
    0x08008b46   0x08008b46   0x00000002   PAD
    0x08008b48   0x08008b48   0x0000002e   Code   RO         2261    .text.RTC_ByteToBcd2  stm32f4xx_hal_rtc.o
    0x08008b76   0x08008b76   0x00000002   PAD
    0x08008b78   0x08008b78   0x00000054   Code   RO         2251    .text.RTC_EnterInitMode  stm32f4xx_hal_rtc.o
    0x08008bcc   0x08008bcc   0x00000028   Code   RO         2253    .text.RTC_ExitInitMode  stm32f4xx_hal_rtc.o
    0x08008bf4   0x08008bf4   0x000000a4   Code   RO         2405    .text.SDIO_ConfigData  stm32f4xx_ll_sdmmc.o
    0x08008c98   0x08008c98   0x00000006   Code   RO         2401    .text.SDIO_GetCommandResponse  stm32f4xx_ll_sdmmc.o
    0x08008c9e   0x08008c9e   0x00000002   PAD
    0x08008ca0   0x08008ca0   0x00000008   Code   RO         2397    .text.SDIO_GetPowerState  stm32f4xx_ll_sdmmc.o
    0x08008ca8   0x08008ca8   0x00000024   Code   RO         2403    .text.SDIO_GetResponse  stm32f4xx_ll_sdmmc.o
    0x08008ccc   0x08008ccc   0x00000010   Code   RO          814    .text.SDIO_IRQHandler  stm32f4xx_it.o
    0x08008cdc   0x08008cdc   0x000000ec   Code   RO         2387    .text.SDIO_Init     stm32f4xx_ll_sdmmc.o
    0x08008dc8   0x08008dc8   0x0000000a   Code   RO         2393    .text.SDIO_PowerState_ON  stm32f4xx_ll_sdmmc.o
    0x08008dd2   0x08008dd2   0x00000002   PAD
    0x08008dd4   0x08008dd4   0x00000006   Code   RO         2389    .text.SDIO_ReadFIFO  stm32f4xx_ll_sdmmc.o
    0x08008dda   0x08008dda   0x00000002   PAD
    0x08008ddc   0x08008ddc   0x0000009c   Code   RO         2399    .text.SDIO_SendCommand  stm32f4xx_ll_sdmmc.o
    0x08008e78   0x08008e78   0x0000000c   Code   RO         2391    .text.SDIO_WriteFIFO  stm32f4xx_ll_sdmmc.o
    0x08008e84   0x08008e84   0x00000032   Code   RO         2447    .text.SDMMC_CmdAppCommand  stm32f4xx_ll_sdmmc.o
    0x08008eb6   0x08008eb6   0x00000002   PAD
    0x08008eb8   0x08008eb8   0x00000034   Code   RO         2449    .text.SDMMC_CmdAppOperCommand  stm32f4xx_ll_sdmmc.o
    0x08008eec   0x08008eec   0x00000032   Code   RO         2413    .text.SDMMC_CmdBlockLength  stm32f4xx_ll_sdmmc.o
    0x08008f1e   0x08008f1e   0x00000002   PAD
    0x08008f20   0x08008f20   0x00000028   Code   RO         2439    .text.SDMMC_CmdGoIdleState  stm32f4xx_ll_sdmmc.o
    0x08008f48   0x08008f48   0x00000030   Code   RO         2443    .text.SDMMC_CmdOperCond  stm32f4xx_ll_sdmmc.o
    0x08008f78   0x08008f78   0x00000032   Code   RO         2419    .text.SDMMC_CmdReadMultiBlock  stm32f4xx_ll_sdmmc.o
    0x08008faa   0x08008faa   0x00000002   PAD
    0x08008fac   0x08008fac   0x00000032   Code   RO         2417    .text.SDMMC_CmdReadSingleBlock  stm32f4xx_ll_sdmmc.o
    0x08008fde   0x08008fde   0x00000002   PAD
    0x08008fe0   0x08008fe0   0x00000032   Code   RO         2437    .text.SDMMC_CmdSelDesel  stm32f4xx_ll_sdmmc.o
    0x08009012   0x08009012   0x00000002   PAD
    0x08009014   0x08009014   0x0000002c   Code   RO         2457    .text.SDMMC_CmdSendCID  stm32f4xx_ll_sdmmc.o
    0x08009040   0x08009040   0x0000002c   Code   RO         2461    .text.SDMMC_CmdSendCSD  stm32f4xx_ll_sdmmc.o
    0x0800906c   0x0800906c   0x00000032   Code   RO         2469    .text.SDMMC_CmdSendStatus  stm32f4xx_ll_sdmmc.o
    0x0800909e   0x0800909e   0x00000002   PAD
    0x080090a0   0x080090a0   0x00000032   Code   RO         2463    .text.SDMMC_CmdSetRelAdd  stm32f4xx_ll_sdmmc.o
    0x080090d2   0x080090d2   0x00000002   PAD
    0x080090d4   0x080090d4   0x00000036   Code   RO         2435    .text.SDMMC_CmdStopTransfer  stm32f4xx_ll_sdmmc.o
    0x0800910a   0x0800910a   0x00000002   PAD
    0x0800910c   0x0800910c   0x00000032   Code   RO         2423    .text.SDMMC_CmdWriteMultiBlock  stm32f4xx_ll_sdmmc.o
    0x0800913e   0x0800913e   0x00000002   PAD
    0x08009140   0x08009140   0x00000032   Code   RO         2421    .text.SDMMC_CmdWriteSingleBlock  stm32f4xx_ll_sdmmc.o
    0x08009172   0x08009172   0x00000002   PAD
    0x08009174   0x08009174   0x00000038   Code   RO         2441    .text.SDMMC_GetCmdError  stm32f4xx_ll_sdmmc.o
    0x080091ac   0x080091ac   0x00000132   Code   RO         2415    .text.SDMMC_GetCmdResp1  stm32f4xx_ll_sdmmc.o
    0x080092de   0x080092de   0x00000002   PAD
    0x080092e0   0x080092e0   0x00000058   Code   RO         2459    .text.SDMMC_GetCmdResp2  stm32f4xx_ll_sdmmc.o
    0x08009338   0x08009338   0x0000004a   Code   RO         2451    .text.SDMMC_GetCmdResp3  stm32f4xx_ll_sdmmc.o
    0x08009382   0x08009382   0x00000002   PAD
    0x08009384   0x08009384   0x000000a6   Code   RO         2465    .text.SDMMC_GetCmdResp6  stm32f4xx_ll_sdmmc.o
    0x0800942a   0x0800942a   0x00000002   PAD
    0x0800942c   0x0800942c   0x00000062   Code   RO         2445    .text.SDMMC_GetCmdResp7  stm32f4xx_ll_sdmmc.o
    0x0800948e   0x0800948e   0x00000002   PAD
    0x08009490   0x08009490   0x00000024   Code   RO          895    .text.SD_CheckStatus  sd_diskio.o
    0x080094b4   0x080094b4   0x00000042   Code   RO         2538    .text.SD_DMARxAbort  stm32f4xx_hal_sd.o
    0x080094f6   0x080094f6   0x00000002   PAD
    0x080094f8   0x080094f8   0x00000042   Code   RO         2536    .text.SD_DMATxAbort  stm32f4xx_hal_sd.o
    0x0800953a   0x0800953a   0x00000002   PAD
    0x0800953c   0x0800953c   0x000000fc   Code   RO         2496    .text.SD_InitCard   stm32f4xx_hal_sd.o
    0x08009638   0x08009638   0x000000c0   Code   RO         2494    .text.SD_PowerON    stm32f4xx_hal_sd.o
    0x080096f8   0x080096f8   0x0000002c   Code   RO         2526    .text.SD_Read_IT    stm32f4xx_hal_sd.o
    0x08009724   0x08009724   0x00000030   Code   RO         2564    .text.SD_SendStatus  stm32f4xx_hal_sd.o
    0x08009754   0x08009754   0x00000056   Code   RO         2534    .text.SD_Write_IT   stm32f4xx_hal_sd.o
    0x080097aa   0x080097aa   0x00000002   PAD
    0x080097ac   0x080097ac   0x00000022   Code   RO          885    .text.SD_initialize  sd_diskio.o
    0x080097ce   0x080097ce   0x00000002   PAD
    0x080097d0   0x080097d0   0x00000056   Code   RO          893    .text.SD_ioctl      sd_diskio.o
    0x08009826   0x08009826   0x00000002   PAD
    0x08009828   0x08009828   0x00000024   Code   RO          889    .text.SD_read       sd_diskio.o
    0x0800984c   0x0800984c   0x00000008   Code   RO          887    .text.SD_status     sd_diskio.o
    0x08009854   0x08009854   0x00000024   Code   RO          891    .text.SD_write      sd_diskio.o
    0x08009878   0x08009878   0x00000070   Code   RO         2597    .text.SPI_EndRxTransaction  stm32f4xx_hal_spi.o
    0x080098e8   0x080098e8   0x00000064   Code   RO         2591    .text.SPI_EndRxTxTransaction  stm32f4xx_hal_spi.o
    0x0800994c   0x0800994c   0x000000ce   Code   RO         2689    .text.SPI_WaitFlagStateUntilTimeout  stm32f4xx_hal_spi.o
    0x08009a1a   0x08009a1a   0x00000002   PAD
    0x08009a1c   0x08009a1c   0x00000014   Code   RO           77    .text.SPIx_Error    stm32f429i_discovery.o
    0x08009a30   0x08009a30   0x00000052   Code   RO           27    .text.SPIx_Init     stm32f429i_discovery.o
    0x08009a82   0x08009a82   0x00000002   PAD
    0x08009a84   0x08009a84   0x0000005c   Code   RO           75    .text.SPIx_MspInit  stm32f429i_discovery.o
    0x08009ae0   0x08009ae0   0x0000002c   Code   RO           37    .text.SPIx_Read     stm32f429i_discovery.o
    0x08009b0c   0x08009b0c   0x00000030   Code   RO           31    .text.SPIx_Write    stm32f429i_discovery.o
    0x08009b3c   0x08009b3c   0x00000002   Code   RO          802    .text.SVC_Handler   stm32f4xx_it.o
    0x08009b3e   0x08009b3e   0x00000002   PAD
    0x08009b40   0x08009b40   0x00000004   Code   RO         3450    .text.SWAPBYTE      usbd_ctlreq.o
    0x08009b44   0x08009b44   0x0000002e   Code   RO         1610    .text.SysTick_Config  stm32f4xx_hal_cortex.o
    0x08009b72   0x08009b72   0x00000002   PAD
    0x08009b74   0x08009b74   0x00000008   Code   RO          808    .text.SysTick_Handler  stm32f4xx_it.o
    0x08009b7c   0x08009b7c   0x000000a8   Code   RO          528    .text.SystemClock_Config  main.o
    0x08009c24   0x08009c24   0x00000012   Code   RO         3171    .text.SystemInit    system_stm32f4xx.o
    0x08009c36   0x08009c36   0x00000002   PAD
    0x08009c38   0x08009c38   0x00000010   Code   RO          812    .text.TIM1_TRG_COM_TIM11_IRQHandler  stm32f4xx_it.o
    0x08009c48   0x08009c48   0x00000010   Code   RO          810    .text.TIM1_UP_TIM10_IRQHandler  stm32f4xx_it.o
    0x08009c58   0x08009c58   0x00000124   Code   RO         2704    .text.TIM_Base_SetConfig  stm32f4xx_hal_tim.o
    0x08009d7c   0x08009d7c   0x000000c6   Code   RO         2848    .text.TIM_OC1_SetConfig  stm32f4xx_hal_tim.o
    0x08009e42   0x08009e42   0x00000002   PAD
    0x08009e44   0x08009e44   0x000000cc   Code   RO         2850    .text.TIM_OC2_SetConfig  stm32f4xx_hal_tim.o
    0x08009f10   0x08009f10   0x000000cc   Code   RO         2852    .text.TIM_OC3_SetConfig  stm32f4xx_hal_tim.o
    0x08009fdc   0x08009fdc   0x00000074   Code   RO         2854    .text.TIM_OC4_SetConfig  stm32f4xx_hal_tim.o
    0x0800a050   0x0800a050   0x00000036   Code   RO          485    .text.Touchscreen_Calibration  ts_calibration.o
    0x0800a086   0x0800a086   0x00000002   PAD
    0x0800a088   0x0800a088   0x00000156   Code   RO         3044    .text.UART_SetConfig  stm32f4xx_hal_uart.o
    0x0800a1de   0x0800a1de   0x00000002   PAD
    0x0800a1e0   0x0800a1e0   0x00000074   Code   RO         3495    .text.USBD_CDC_DataIn  usbd_cdc.o
    0x0800a254   0x0800a254   0x0000003c   Code   RO         3497    .text.USBD_CDC_DataOut  usbd_cdc.o
    0x0800a290   0x0800a290   0x0000005a   Code   RO         3489    .text.USBD_CDC_DeInit  usbd_cdc.o
    0x0800a2ea   0x0800a2ea   0x00000002   PAD
    0x0800a2ec   0x0800a2ec   0x0000003a   Code   RO         3493    .text.USBD_CDC_EP0_RxReady  usbd_cdc.o
    0x0800a326   0x0800a326   0x00000002   PAD
    0x0800a328   0x0800a328   0x00000010   Code   RO         3505    .text.USBD_CDC_GetDeviceQualifierDescriptor  usbd_cdc.o
    0x0800a338   0x0800a338   0x00000052   Code   RO         3501    .text.USBD_CDC_GetFSCfgDesc  usbd_cdc.o
    0x0800a38a   0x0800a38a   0x00000002   PAD
    0x0800a38c   0x0800a38c   0x00000056   Code   RO         3499    .text.USBD_CDC_GetHSCfgDesc  usbd_cdc.o
    0x0800a3e2   0x0800a3e2   0x00000002   PAD
    0x0800a3e4   0x0800a3e4   0x00000052   Code   RO         3503    .text.USBD_CDC_GetOtherSpeedCfgDesc  usbd_cdc.o
    0x0800a436   0x0800a436   0x00000002   PAD
    0x0800a438   0x0800a438   0x000000d4   Code   RO         3487    .text.USBD_CDC_Init  usbd_cdc.o
    0x0800a50c   0x0800a50c   0x00000032   Code   RO         3515    .text.USBD_CDC_ReceivePacket  usbd_cdc.o
    0x0800a53e   0x0800a53e   0x00000002   PAD
    0x0800a540   0x0800a540   0x00000018   Code   RO         3507    .text.USBD_CDC_RegisterInterface  usbd_cdc.o
    0x0800a558   0x0800a558   0x0000001a   Code   RO         3511    .text.USBD_CDC_SetRxBuffer  usbd_cdc.o
    0x0800a572   0x0800a572   0x00000002   PAD
    0x0800a574   0x0800a574   0x0000001e   Code   RO         3509    .text.USBD_CDC_SetTxBuffer  usbd_cdc.o
    0x0800a592   0x0800a592   0x00000002   PAD
    0x0800a594   0x0800a594   0x0000011a   Code   RO         3491    .text.USBD_CDC_Setup  usbd_cdc.o
    0x0800a6ae   0x0800a6ae   0x00000002   PAD
    0x0800a6b0   0x0800a6b0   0x00000012   Code   RO         3384    .text.USBD_ClrClassConfig  usbd_core.o
    0x0800a6c2   0x0800a6c2   0x00000002   PAD
    0x0800a6c4   0x0800a6c4   0x00000026   Code   RO         3440    .text.USBD_ClrFeature  usbd_ctlreq.o
    0x0800a6ea   0x0800a6ea   0x00000002   PAD
    0x0800a6ec   0x0800a6ec   0x00000004   Code   RO         3392    .text.USBD_CoreFindEP  usbd_core.o
    0x0800a6f0   0x0800a6f0   0x00000004   Code   RO         3390    .text.USBD_CoreFindIF  usbd_core.o
    0x0800a6f4   0x0800a6f4   0x00000010   Code   RO         3471    .text.USBD_CtlContinueRx  usbd_ioreq.o
    0x0800a704   0x0800a704   0x00000010   Code   RO         3467    .text.USBD_CtlContinueSendData  usbd_ioreq.o
    0x0800a714   0x0800a714   0x00000014   Code   RO         3442    .text.USBD_CtlError  usbd_ctlreq.o
    0x0800a728   0x0800a728   0x0000001a   Code   RO         3469    .text.USBD_CtlPrepareRx  usbd_ioreq.o
    0x0800a742   0x0800a742   0x00000002   PAD
    0x0800a744   0x0800a744   0x00000016   Code   RO         3475    .text.USBD_CtlReceiveStatus  usbd_ioreq.o
    0x0800a75a   0x0800a75a   0x00000002   PAD
    0x0800a75c   0x0800a75c   0x0000001a   Code   RO         3465    .text.USBD_CtlSendData  usbd_ioreq.o
    0x0800a776   0x0800a776   0x00000002   PAD
    0x0800a778   0x0800a778   0x00000016   Code   RO         3473    .text.USBD_CtlSendStatus  usbd_ioreq.o
    0x0800a78e   0x0800a78e   0x00000002   PAD
    0x0800a790   0x0800a790   0x00000030   Code   RO         3434    .text.USBD_GetConfig  usbd_ctlreq.o
    0x0800a7c0   0x0800a7c0   0x00000106   Code   RO         3428    .text.USBD_GetDescriptor  usbd_ctlreq.o
    0x0800a8c6   0x0800a8c6   0x00000002   PAD
    0x0800a8c8   0x0800a8c8   0x0000004a   Code   RO         3414    .text.USBD_GetEpDesc  usbd_core.o
    0x0800a912   0x0800a912   0x00000002   PAD
    0x0800a914   0x0800a914   0x0000001e   Code   RO         3454    .text.USBD_GetLen   usbd_ctlreq.o
    0x0800a932   0x0800a932   0x00000002   PAD
    0x0800a934   0x0800a934   0x0000000c   Code   RO         3416    .text.USBD_GetNextDesc  usbd_core.o
    0x0800a940   0x0800a940   0x00000032   Code   RO         3436    .text.USBD_GetStatus  usbd_ctlreq.o
    0x0800a972   0x0800a972   0x00000002   PAD
    0x0800a974   0x0800a974   0x00000044   Code   RO         3452    .text.USBD_GetString  usbd_ctlreq.o
    0x0800a9b8   0x0800a9b8   0x0000001a   Code   RO         1021    .text.USBD_Get_USB_Status  usbd_conf.o
    0x0800a9d2   0x0800a9d2   0x00000002   PAD
    0x0800a9d4   0x0800a9d4   0x00000024   Code   RO          943    .text.USBD_HS_ConfigStrDescriptor  usbd_desc.o
    0x0800a9f8   0x0800a9f8   0x0000000e   Code   RO          933    .text.USBD_HS_DeviceDescriptor  usbd_desc.o
    0x0800aa06   0x0800aa06   0x00000002   PAD
    0x0800aa08   0x0800aa08   0x00000028   Code   RO          945    .text.USBD_HS_InterfaceStrDescriptor  usbd_desc.o
    0x0800aa30   0x0800aa30   0x0000000e   Code   RO          935    .text.USBD_HS_LangIDStrDescriptor  usbd_desc.o
    0x0800aa3e   0x0800aa3e   0x00000002   PAD
    0x0800aa40   0x0800aa40   0x0000002c   Code   RO          937    .text.USBD_HS_ManufacturerStrDescriptor  usbd_desc.o
    0x0800aa6c   0x0800aa6c   0x00000030   Code   RO          939    .text.USBD_HS_ProductStrDescriptor  usbd_desc.o
    0x0800aa9c   0x0800aa9c   0x00000014   Code   RO          941    .text.USBD_HS_SerialStrDescriptor  usbd_desc.o
    0x0800aab0   0x0800aab0   0x0000002e   Code   RO         3370    .text.USBD_Init     usbd_core.o
    0x0800aade   0x0800aade   0x00000002   PAD
    0x0800aae0   0x0800aae0   0x00000010   Code   RO         1035    .text.USBD_LL_ClearStallEP  usbd_conf.o
    0x0800aaf0   0x0800aaf0   0x00000010   Code   RO         1029    .text.USBD_LL_CloseEP  usbd_conf.o
    0x0800ab00   0x0800ab00   0x000000b2   Code   RO         3394    .text.USBD_LL_DataInStage  usbd_core.o
    0x0800abb2   0x0800abb2   0x00000002   PAD
    0x0800abb4   0x0800abb4   0x00000078   Code   RO         3388    .text.USBD_LL_DataOutStage  usbd_core.o
    0x0800ac2c   0x0800ac2c   0x00000004   Code   RO         3410    .text.USBD_LL_DevConnected  usbd_core.o
    0x0800ac30   0x0800ac30   0x00000020   Code   RO         3412    .text.USBD_LL_DevDisconnected  usbd_core.o
    0x0800ac50   0x0800ac50   0x0000000c   Code   RO         1045    .text.USBD_LL_GetRxDataSize  usbd_conf.o
    0x0800ac5c   0x0800ac5c   0x00000074   Code   RO         1017    .text.USBD_LL_Init  usbd_conf.o
    0x0800acd0   0x0800acd0   0x00000020   Code   RO         1037    .text.USBD_LL_IsStallEP  usbd_conf.o
    0x0800acf0   0x0800acf0   0x00000026   Code   RO         3406    .text.USBD_LL_IsoINIncomplete  usbd_core.o
    0x0800ad16   0x0800ad16   0x00000002   PAD
    0x0800ad18   0x0800ad18   0x00000026   Code   RO         3408    .text.USBD_LL_IsoOUTIncomplete  usbd_core.o
    0x0800ad3e   0x0800ad3e   0x00000002   PAD
    0x0800ad40   0x0800ad40   0x00000016   Code   RO         1027    .text.USBD_LL_OpenEP  usbd_conf.o
    0x0800ad56   0x0800ad56   0x00000002   PAD
    0x0800ad58   0x0800ad58   0x00000010   Code   RO         1043    .text.USBD_LL_PrepareReceive  usbd_conf.o
    0x0800ad68   0x0800ad68   0x00000064   Code   RO         3396    .text.USBD_LL_Reset  usbd_core.o
    0x0800adcc   0x0800adcc   0x00000014   Code   RO         3402    .text.USBD_LL_Resume  usbd_core.o
    0x0800ade0   0x0800ade0   0x0000001c   Code   RO         3404    .text.USBD_LL_SOF   usbd_core.o
    0x0800adfc   0x0800adfc   0x00000008   Code   RO         3398    .text.USBD_LL_SetSpeed  usbd_core.o
    0x0800ae04   0x0800ae04   0x00000010   Code   RO         1039    .text.USBD_LL_SetUSBAddress  usbd_conf.o
    0x0800ae14   0x0800ae14   0x00000058   Code   RO         3386    .text.USBD_LL_SetupStage  usbd_core.o
    0x0800ae6c   0x0800ae6c   0x00000010   Code   RO         1033    .text.USBD_LL_StallEP  usbd_conf.o
    0x0800ae7c   0x0800ae7c   0x00000010   Code   RO         1023    .text.USBD_LL_Start  usbd_conf.o
    0x0800ae8c   0x0800ae8c   0x00000014   Code   RO         3400    .text.USBD_LL_Suspend  usbd_core.o
    0x0800aea0   0x0800aea0   0x00000010   Code   RO         1041    .text.USBD_LL_Transmit  usbd_conf.o
    0x0800aeb0   0x0800aeb0   0x00000028   Code   RO         3448    .text.USBD_ParseSetupRequest  usbd_ctlreq.o
    0x0800aed8   0x0800aed8   0x00000042   Code   RO         3374    .text.USBD_RegisterClass  usbd_core.o
    0x0800af1a   0x0800af1a   0x00000002   PAD
    0x0800af1c   0x0800af1c   0x00000046   Code   RO         3430    .text.USBD_SetAddress  usbd_ctlreq.o
    0x0800af62   0x0800af62   0x00000002   PAD
    0x0800af64   0x0800af64   0x00000012   Code   RO         3382    .text.USBD_SetClassConfig  usbd_core.o
    0x0800af76   0x0800af76   0x00000002   PAD
    0x0800af78   0x0800af78   0x000000b8   Code   RO         3432    .text.USBD_SetConfig  usbd_ctlreq.o
    0x0800b030   0x0800b030   0x0000002a   Code   RO         3438    .text.USBD_SetFeature  usbd_ctlreq.o
    0x0800b05a   0x0800b05a   0x00000002   PAD
    0x0800b05c   0x0800b05c   0x00000008   Code   RO         3376    .text.USBD_Start    usbd_core.o
    0x0800b064   0x0800b064   0x00000076   Code   RO         3426    .text.USBD_StdDevReq  usbd_ctlreq.o
    0x0800b0da   0x0800b0da   0x00000002   PAD
    0x0800b0dc   0x0800b0dc   0x00000180   Code   RO         3446    .text.USBD_StdEPReq  usbd_ctlreq.o
    0x0800b25c   0x0800b25c   0x0000007c   Code   RO         3444    .text.USBD_StdItfReq  usbd_ctlreq.o
    0x0800b2d8   0x0800b2d8   0x00000002   Code   RO         1049    .text.USBD_static_free  usbd_conf.o
    0x0800b2da   0x0800b2da   0x00000002   PAD
    0x0800b2dc   0x0800b2dc   0x0000000a   Code   RO         1047    .text.USBD_static_malloc  usbd_conf.o
    0x0800b2e6   0x0800b2e6   0x00000002   PAD
    0x0800b2e8   0x0800b2e8   0x00000098   Code   RO         1187    .text.USB_ActivateEndpoint  stm32f4xx_ll_usb.o
    0x0800b380   0x0800b380   0x00000020   Code   RO         1229    .text.USB_ActivateSetup  stm32f4xx_ll_usb.o
    0x0800b3a0   0x0800b3a0   0x00000078   Code   RO         1163    .text.USB_CoreInit  stm32f4xx_ll_usb.o
    0x0800b418   0x0800b418   0x0000004e   Code   RO         1165    .text.USB_CoreReset  stm32f4xx_ll_usb.o
    0x0800b466   0x0800b466   0x00000002   PAD
    0x0800b468   0x0800b468   0x00000092   Code   RO         1191    .text.USB_DeactivateEndpoint  stm32f4xx_ll_usb.o
    0x0800b4fa   0x0800b4fa   0x00000002   PAD
    0x0800b4fc   0x0800b4fc   0x0000001e   Code   RO         1213    .text.USB_DevConnect  stm32f4xx_ll_usb.o
    0x0800b51a   0x0800b51a   0x00000002   PAD
    0x0800b51c   0x0800b51c   0x0000001e   Code   RO         1215    .text.USB_DevDisconnect  stm32f4xx_ll_usb.o
    0x0800b53a   0x0800b53a   0x00000002   PAD
    0x0800b53c   0x0800b53c   0x0000015e   Code   RO         1177    .text.USB_DevInit   stm32f4xx_ll_usb.o
    0x0800b69a   0x0800b69a   0x00000002   PAD
    0x0800b69c   0x0800b69c   0x0000000e   Code   RO         1171    .text.USB_DisableGlobalInt  stm32f4xx_ll_usb.o
    0x0800b6aa   0x0800b6aa   0x00000002   PAD
    0x0800b6ac   0x0800b6ac   0x000000fc   Code   RO         1199    .text.USB_EP0StartXfer  stm32f4xx_ll_usb.o
    0x0800b7a8   0x0800b7a8   0x0000005a   Code   RO         1231    .text.USB_EP0_OutStart  stm32f4xx_ll_usb.o
    0x0800b802   0x0800b802   0x00000002   PAD
    0x0800b804   0x0800b804   0x00000050   Code   RO         1207    .text.USB_EPClearStall  stm32f4xx_ll_usb.o
    0x0800b854   0x0800b854   0x0000004e   Code   RO         1205    .text.USB_EPSetStall  stm32f4xx_ll_usb.o
    0x0800b8a2   0x0800b8a2   0x00000002   PAD
    0x0800b8a4   0x0800b8a4   0x000001b4   Code   RO         1195    .text.USB_EPStartXfer  stm32f4xx_ll_usb.o
    0x0800ba58   0x0800ba58   0x00000086   Code   RO         1201    .text.USB_EPStopXfer  stm32f4xx_ll_usb.o
    0x0800bade   0x0800bade   0x00000002   PAD
    0x0800bae0   0x0800bae0   0x0000000e   Code   RO         1169    .text.USB_EnableGlobalInt  stm32f4xx_ll_usb.o
    0x0800baee   0x0800baee   0x00000002   PAD
    0x0800baf0   0x0800baf0   0x0000004a   Code   RO         1183    .text.USB_FlushRxFifo  stm32f4xx_ll_usb.o
    0x0800bb3a   0x0800bb3a   0x00000002   PAD
    0x0800bb3c   0x0800bb3c   0x0000004e   Code   RO         1181    .text.USB_FlushTxFifo  stm32f4xx_ll_usb.o
    0x0800bb8a   0x0800bb8a   0x00000002   PAD
    0x0800bb8c   0x0800bb8c   0x0000001a   Code   RO         1185    .text.USB_GetDevSpeed  stm32f4xx_ll_usb.o
    0x0800bba6   0x0800bba6   0x00000002   PAD
    0x0800bba8   0x0800bba8   0x00000008   Code   RO         1175    .text.USB_GetMode   stm32f4xx_ll_usb.o
    0x0800bbb0   0x0800bbb0   0x0000000e   Code   RO         1221    .text.USB_ReadDevAllInEpInterrupt  stm32f4xx_ll_usb.o
    0x0800bbbe   0x0800bbbe   0x00000002   PAD
    0x0800bbc0   0x0800bbc0   0x0000000e   Code   RO         1219    .text.USB_ReadDevAllOutEpInterrupt  stm32f4xx_ll_usb.o
    0x0800bbce   0x0800bbce   0x00000002   PAD
    0x0800bbd0   0x0800bbd0   0x00000024   Code   RO         1225    .text.USB_ReadDevInEPInterrupt  stm32f4xx_ll_usb.o
    0x0800bbf4   0x0800bbf4   0x00000010   Code   RO         1223    .text.USB_ReadDevOutEPInterrupt  stm32f4xx_ll_usb.o
    0x0800bc04   0x0800bc04   0x00000008   Code   RO         1217    .text.USB_ReadInterrupts  stm32f4xx_ll_usb.o
    0x0800bc0c   0x0800bc0c   0x0000004a   Code   RO         1203    .text.USB_ReadPacket  stm32f4xx_ll_usb.o
    0x0800bc56   0x0800bc56   0x00000002   PAD
    0x0800bc58   0x0800bc58   0x00000068   Code   RO         1173    .text.USB_SetCurrentMode  stm32f4xx_ll_usb.o
    0x0800bcc0   0x0800bcc0   0x00000022   Code   RO         1211    .text.USB_SetDevAddress  stm32f4xx_ll_usb.o
    0x0800bce2   0x0800bce2   0x00000002   PAD
    0x0800bce4   0x0800bce4   0x00000010   Code   RO         1179    .text.USB_SetDevSpeed  stm32f4xx_ll_usb.o
    0x0800bcf4   0x0800bcf4   0x00000116   Code   RO         1167    .text.USB_SetTurnaroundTime  stm32f4xx_ll_usb.o
    0x0800be0a   0x0800be0a   0x00000002   PAD
    0x0800be0c   0x0800be0c   0x00000034   Code   RO         1197    .text.USB_WritePacket  stm32f4xx_ll_usb.o
    0x0800be40   0x0800be40   0x00000002   Code   RO          800    .text.UsageFault_Handler  stm32f4xx_it.o
    0x0800be42   0x0800be42   0x00000002   PAD
    0x0800be44   0x0800be44   0x00000020   Code   RO         1598    .text.__NVIC_EnableIRQ  stm32f4xx_hal_cortex.o
    0x0800be64   0x0800be64   0x00000010   Code   RO         1590    .text.__NVIC_GetPriorityGrouping  stm32f4xx_hal_cortex.o
    0x0800be74   0x0800be74   0x00000022   Code   RO         1592    .text.__NVIC_SetPriority  stm32f4xx_hal_cortex.o
    0x0800be96   0x0800be96   0x00000002   PAD
    0x0800be98   0x0800be98   0x00000020   Code   RO         1586    .text.__NVIC_SetPriorityGrouping  stm32f4xx_hal_cortex.o
    0x0800beb8   0x0800beb8   0x00000002   Code   RO          550    .text.assert_failed  main.o
    0x0800beba   0x0800beba   0x00000002   PAD
    0x0800bebc   0x0800bebc   0x00000074   Code   RO         3324    .text.check_fs      ff.o
    0x0800bf30   0x0800bf30   0x0000001c   Code   RO         3330    .text.chk_chr       ff.o
    0x0800bf4c   0x0800bf4c   0x00000080   Code   RO         3218    .text.chk_lock      ff.o
    0x0800bfcc   0x0800bfcc   0x00000024   Code   RO         3210    .text.clear_lock    ff.o
    0x0800bff0   0x0800bff0   0x0000003e   Code   RO         3248    .text.clmt_clust    ff.o
    0x0800c02e   0x0800c02e   0x00000002   PAD
    0x0800c030   0x0800c030   0x00000018   Code   RO         3242    .text.clust2sect    ff.o
    0x0800c048   0x0800c048   0x000000ce   Code   RO         3254    .text.create_chain  ff.o
    0x0800c116   0x0800c116   0x00000002   PAD
    0x0800c118   0x0800c118   0x0000010a   Code   RO         3326    .text.create_name   ff.o
    0x0800c222   0x0800c222   0x00000002   PAD
    0x0800c224   0x0800c224   0x00000034   Code   RO         3334    .text.dir_alloc     ff.o
    0x0800c258   0x0800c258   0x0000005c   Code   RO         3328    .text.dir_find      ff.o
    0x0800c2b4   0x0800c2b4   0x0000013a   Code   RO         3280    .text.dir_next      ff.o
    0x0800c3ee   0x0800c3ee   0x00000002   PAD
    0x0800c3f0   0x0800c3f0   0x0000003e   Code   RO         3222    .text.dir_register  ff.o
    0x0800c42e   0x0800c42e   0x00000002   PAD
    0x0800c430   0x0800c430   0x00000074   Code   RO         3270    .text.dir_sdi       ff.o
    0x0800c4a4   0x0800c4a4   0x0000002c   Code   RO         3188    .text.disk_initialize  diskio.o
    0x0800c4d0   0x0800c4d0   0x0000001a   Code   RO         3194    .text.disk_ioctl    diskio.o
    0x0800c4ea   0x0800c4ea   0x00000002   PAD
    0x0800c4ec   0x0800c4ec   0x0000001e   Code   RO         3190    .text.disk_read     diskio.o
    0x0800c50a   0x0800c50a   0x00000002   PAD
    0x0800c50c   0x0800c50c   0x0000001a   Code   RO         3186    .text.disk_status   diskio.o
    0x0800c526   0x0800c526   0x00000002   PAD
    0x0800c528   0x0800c528   0x0000001e   Code   RO         3192    .text.disk_write    diskio.o
    0x0800c546   0x0800c546   0x00000002   PAD
    0x0800c548   0x0800c548   0x00000188   Code   RO          461    .text.disp          disp.o
    0x0800c6d0   0x0800c6d0   0x00000024   Code   RO         3220    .text.enq_lock      ff.o
    0x0800c6f4   0x0800c6f4   0x0000029c   Code   RO         3266    .text.f_lseek       ff.o
    0x0800c990   0x0800c990   0x0000015e   Code   RO         3294    .text.f_mkdir       ff.o
    0x0800caee   0x0800caee   0x00000002   PAD
    0x0800caf0   0x0800caf0   0x00000062   Code   RO         3206    .text.f_mount       ff.o
    0x0800cb52   0x0800cb52   0x00000002   PAD
    0x0800cb54   0x0800cb54   0x00000250   Code   RO         3214    .text.f_open        ff.o
    0x0800cda4   0x0800cda4   0x00000312   Code   RO         3212    .text.find_volume   ff.o
    0x0800d0b6   0x0800d0b6   0x00000002   PAD
    0x0800d0b8   0x0800d0b8   0x00000096   Code   RO         3216    .text.follow_path   ff.o
    0x0800d14e   0x0800d14e   0x00000002   PAD
    0x0800d150   0x0800d150   0x000000ec   Code   RO         3240    .text.get_fat       ff.o
    0x0800d23c   0x0800d23c   0x00000004   Code   RO          909    .text.get_fattime   fatfs.o
    0x0800d240   0x0800d240   0x0000004c   Code   RO         3208    .text.get_ldnumber  ff.o
    0x0800d28c   0x0800d28c   0x0000000a   Code   RO          440    .text.ili9341_DisplayOff  ili9341.o
    0x0800d296   0x0800d296   0x00000002   PAD
    0x0800d298   0x0800d298   0x0000000a   Code   RO          438    .text.ili9341_DisplayOn  ili9341.o
    0x0800d2a2   0x0800d2a2   0x00000002   PAD
    0x0800d2a4   0x0800d2a4   0x00000006   Code   RO          444    .text.ili9341_GetLcdPixelHeight  ili9341.o
    0x0800d2aa   0x0800d2aa   0x00000002   PAD
    0x0800d2ac   0x0800d2ac   0x00000004   Code   RO          442    .text.ili9341_GetLcdPixelWidth  ili9341.o
    0x0800d2b0   0x0800d2b0   0x00000290   Code   RO          434    .text.ili9341_Init  ili9341.o
    0x0800d540   0x0800d540   0x00000008   Code   RO          450    .text.ili9341_ReadData  ili9341.o
    0x0800d548   0x0800d548   0x00000012   Code   RO          436    .text.ili9341_ReadID  ili9341.o
    0x0800d55a   0x0800d55a   0x00000002   PAD
    0x0800d55c   0x0800d55c   0x00000008   Code   RO          448    .text.ili9341_WriteData  ili9341.o
    0x0800d564   0x0800d564   0x00000008   Code   RO          446    .text.ili9341_WriteReg  ili9341.o
    0x0800d56c   0x0800d56c   0x000000a2   Code   RO         3234    .text.inc_lock      ff.o
    0x0800d60e   0x0800d60e   0x00000002   PAD
    0x0800d610   0x0800d610   0x00000026   Code   RO         3226    .text.ld_clust      ff.o
    0x0800d636   0x0800d636   0x00000002   PAD
    0x0800d638   0x0800d638   0x00000004   Code   RO         3236    .text.ld_dword      ff.o
    0x0800d63c   0x0800d63c   0x00000004   Code   RO         3286    .text.ld_word       ff.o
    0x0800d640   0x0800d640   0x000001e0   Code   RO          526    .text.main          main.o
    0x0800d820   0x0800d820   0x00000148   Code   RO          532    .text.make_folder   main.o
    0x0800d968   0x0800d968   0x00000028   Code   RO         3332    .text.mem_cmp       ff.o
    0x0800d990   0x0800d990   0x0000001a   Code   RO         3250    .text.mem_cpy       ff.o
    0x0800d9aa   0x0800d9aa   0x00000002   PAD
    0x0800d9ac   0x0800d9ac   0x0000000e   Code   RO         3238    .text.mem_set       ff.o
    0x0800d9ba   0x0800d9ba   0x00000002   PAD
    0x0800d9bc   0x0800d9bc   0x0000003e   Code   RO         3232    .text.move_window   ff.o
    0x0800d9fa   0x0800d9fa   0x00000002   PAD
    0x0800d9fc   0x0800d9fc   0x0000012e   Code   RO         3306    .text.put_fat       ff.o
    0x0800db2a   0x0800db2a   0x00000002   PAD
    0x0800db2c   0x0800db2c   0x0000008c   Code   RO         3230    .text.remove_chain  ff.o
    0x0800dbb8   0x0800dbb8   0x00000026   Code   RO         3228    .text.st_clust      ff.o
    0x0800dbde   0x0800dbde   0x00000002   PAD
    0x0800dbe0   0x0800dbe0   0x00000004   Code   RO         3224    .text.st_dword      ff.o
    0x0800dbe4   0x0800dbe4   0x00000004   Code   RO         3258    .text.st_word       ff.o
    0x0800dbe8   0x0800dbe8   0x0000000e   Code   RO          376    .text.stmpe811_ClearGlobalIT  stmpe811.o
    0x0800dbf6   0x0800dbf6   0x00000002   PAD
    0x0800dbf8   0x0800dbf8   0x0000001a   Code   RO          362    .text.stmpe811_DisableGlobalIT  stmpe811.o
    0x0800dc12   0x0800dc12   0x00000002   PAD
    0x0800dc14   0x0800dc14   0x0000001c   Code   RO          366    .text.stmpe811_DisableITSource  stmpe811.o
    0x0800dc30   0x0800dc30   0x0000001a   Code   RO          360    .text.stmpe811_EnableGlobalIT  stmpe811.o
    0x0800dc4a   0x0800dc4a   0x00000002   PAD
    0x0800dc4c   0x0800dc4c   0x0000001c   Code   RO          364    .text.stmpe811_EnableITSource  stmpe811.o
    0x0800dc68   0x0800dc68   0x00000020   Code   RO          358    .text.stmpe811_GetInstance  stmpe811.o
    0x0800dc88   0x0800dc88   0x0000001c   Code   RO          386    .text.stmpe811_IO_EnableAF  stmpe811.o
    0x0800dca4   0x0800dca4   0x00000030   Code   RO          322    .text.stmpe811_Init  stmpe811.o
    0x0800dcd4   0x0800dcd4   0x00000010   Code   RO          374    .text.stmpe811_ReadGITStatus  stmpe811.o
    0x0800dce4   0x0800dce4   0x00000022   Code   RO          324    .text.stmpe811_ReadID  stmpe811.o
    0x0800dd06   0x0800dd06   0x00000002   PAD
    0x0800dd08   0x0800dd08   0x00000026   Code   RO          326    .text.stmpe811_Reset  stmpe811.o
    0x0800dd2e   0x0800dd2e   0x00000002   PAD
    0x0800dd30   0x0800dd30   0x0000000a   Code   RO          336    .text.stmpe811_TS_ClearIT  stmpe811.o
    0x0800dd3a   0x0800dd3a   0x00000002   PAD
    0x0800dd3c   0x0800dd3c   0x0000003c   Code   RO          330    .text.stmpe811_TS_DetectTouch  stmpe811.o
    0x0800dd78   0x0800dd78   0x00000012   Code   RO          340    .text.stmpe811_TS_DisableIT  stmpe811.o
    0x0800dd8a   0x0800dd8a   0x00000002   PAD
    0x0800dd8c   0x0800dd8c   0x00000018   Code   RO          334    .text.stmpe811_TS_EnableIT  stmpe811.o
    0x0800dda4   0x0800dda4   0x00000050   Code   RO          332    .text.stmpe811_TS_GetXY  stmpe811.o
    0x0800ddf4   0x0800ddf4   0x0000000a   Code   RO          338    .text.stmpe811_TS_ITStatus  stmpe811.o
    0x0800ddfe   0x0800ddfe   0x00000002   PAD
    0x0800de00   0x0800de00   0x000000a2   Code   RO          328    .text.stmpe811_TS_Start  stmpe811.o
    0x0800dea2   0x0800dea2   0x00000002   PAD
    0x0800dea4   0x0800dea4   0x00000090   Code   RO         3260    .text.sync_fs       ff.o
    0x0800df34   0x0800df34   0x0000005a   Code   RO         3296    .text.sync_window   ff.o
    0x0800df8e   0x0800df8e   0x00000002   PAD
    0x0800df90   0x0800df90   0x00000046   Code   RO          470    .text.txt_printH    txt_printh.o
    0x0800dfd6   0x0800dfd6   0x00000002   PAD
    0x0800dfd8   0x0800dfd8   0x0000003e   Code   RO         3246    .text.validate      ff.o
    0x0800e016   0x0800e016   0x00000002   PAD
    0x0800e018   0x0800e018   0x0000066a   Code   RO          506    .text.var_printH    var_printh.o
    0x0800e682   0x0800e682   0x00000002   PAD
    0x0800e684   0x0800e684   0x00000086   Code   RO          534    .text.w_file_name   main.o
    0x0800e70a   0x0800e70a   0x00000002   PAD
    0x0800e70c   0x0800e70c   0x00000028   Code   RO         3693    i.__0sprintf$6      mc_w.l(printf6.o)
    0x0800e734   0x0800e734   0x0000000e   Code   RO         3852    i.__scatterload_copy  mc_w.l(handlers.o)
    0x0800e742   0x0800e742   0x00000002   Code   RO         3853    i.__scatterload_null  mc_w.l(handlers.o)
    0x0800e744   0x0800e744   0x0000000e   Code   RO         3854    i.__scatterload_zeroinit  mc_w.l(handlers.o)
    0x0800e752   0x0800e752   0x00000002   PAD
    0x0800e754   0x0800e754   0x000002f0   Code   RO         3698    i._printf_core      mc_w.l(printf6.o)
    0x0800ea44   0x0800ea44   0x00000024   Code   RO         3699    i._printf_post_padding  mc_w.l(printf6.o)
    0x0800ea68   0x0800ea68   0x0000002e   Code   RO         3700    i._printf_pre_padding  mc_w.l(printf6.o)
    0x0800ea96   0x0800ea96   0x0000000a   Code   RO         3702    i._sputc            mc_w.l(printf6.o)
    0x0800eaa0   0x0800eaa0   0x00000010   Data   RO         3176    .rodata.AHBPrescTable  system_stm32f4xx.o
    0x0800eab0   0x0800eab0   0x00000008   Data   RO         3177    .rodata.APBPrescTable  system_stm32f4xx.o
    0x0800eab8   0x0800eab8   0x00000080   Data   RO         3340    .rodata.ExCvt       ff.o
    0x0800eb38   0x0800eb38   0x00000ed8   Data   RO          300    .rodata.Font20_Table  stm32f429i_discovery_lcd1.o
    0x0800fa10   0x0800fa10   0x00001ab8   Data   RO          298    .rodata.Font24_Table  stm32f429i_discovery_lcd1.o
    0x080114c8   0x080114c8   0x00000014   Data   RO          897    .rodata.SD_Driver   sd_diskio.o
    0x080114dc   0x080114dc   0x00000038   Data   RO         1297    .rodata.str1.1      stm32f4xx_hal_rcc.o
    0x08011514   0x08011514   0x0000003b   Data   RO         1322    .rodata.str1.1      stm32f4xx_hal_rcc_ex.o
    0x0801154f   0x0801154f   0x00000039   Data   RO         1449    .rodata.str1.1      stm32f4xx_hal_gpio.o
    0x08011588   0x08011588   0x00000038   Data   RO         1505    .rodata.str1.1      stm32f4xx_hal_dma.o
    0x080115c0   0x080115c0   0x0000003b   Data   RO         1648    .rodata.str1.1      stm32f4xx_hal_cortex.o
    0x080115fb   0x080115fb   0x00000038   Data   RO         1767    .rodata.str1.1      stm32f4xx_hal_crc.o
    0x08011633   0x08011633   0x0000003a   Data   RO         1840    .rodata.str1.1      stm32f4xx_hal_dma2d.o
    0x0801166d   0x0801166d   0x00000037   Data   RO         1903    .rodata.str1.1      stm32f4xx_ll_fmc.o
    0x080116a4   0x080116a4   0x00000038   Data   RO         2134    .rodata.str1.1      stm32f4xx_hal_i2c.o
    0x080116dc   0x080116dc   0x0000003b   Data   RO         2147    .rodata.str1.1      stm32f4xx_hal_i2c_ex.o
    0x08011717   0x08011717   0x00000039   Data   RO         2236    .rodata.str1.1      stm32f4xx_hal_ltdc.o
    0x08011750   0x08011750   0x00000038   Data   RO         2299    .rodata.str1.1      stm32f4xx_hal_rtc.o
    0x08011788   0x08011788   0x0000003b   Data   RO         2378    .rodata.str1.1      stm32f4xx_hal_rtc_ex.o
    0x080117c3   0x080117c3   0x00000039   Data   RO         2479    .rodata.str1.1      stm32f4xx_ll_sdmmc.o
    0x080117fc   0x080117fc   0x00000037   Data   RO         2572    .rodata.str1.1      stm32f4xx_hal_sd.o
    0x08011833   0x08011833   0x00000038   Data   RO         2691    .rodata.str1.1      stm32f4xx_hal_spi.o
    0x0801186b   0x0801186b   0x00000038   Data   RO         2938    .rodata.str1.1      stm32f4xx_hal_tim.o
    0x080118a3   0x080118a3   0x0000003b   Data   RO         3031    .rodata.str1.1      stm32f4xx_hal_tim_ex.o
    0x080118de   0x080118de   0x00000039   Data   RO         3162    .rodata.str1.1      stm32f4xx_hal_uart.o
    0x08011917   0x08011917   0x0000000f   Data   RO         3341    .rodata.str1.1      ff.o
    0x08011926   0x08011926   0x00000002   PAD
    0x08011928   0x08011928   0x00000020   Data   RO         3851    Region$$Table       anon$$obj.o


    Execution Region RW_IRAM2 (Exec base: 0x10000000, Load base: 0x08011a60, Size: 0x00000000, Max: 0x00010000, ABSOLUTE)

    **** No section assigned to this execution region ****


    Execution Region RW_IRAM1 (Exec base: 0x20000000, Load base: 0x08011948, Size: 0x00006760, Max: 0x00030000, ABSOLUTE, COMPRESSED[0x00000118])

    Exec Addr    Load Addr    Size         Type   Attr      Idx    E Section Name        Object

    0x20000000   COMPRESSED   0x00000008   Data   RW          301    .data.Font20        stm32f429i_discovery_lcd1.o
    0x20000008   COMPRESSED   0x00000008   Data   RW          299    .data.Font24        stm32f429i_discovery_lcd1.o
    0x20000010   COMPRESSED   0x0000001c   Data   RW          951    .data.HS_Desc       usbd_desc.o
    0x2000002c   COMPRESSED   0x00000004   Data   RW           88    .data.I2cxTimeout   stm32f429i_discovery.o
    0x20000030   COMPRESSED   0x00000004   Data   RW           89    .data.SpixTimeout   stm32f429i_discovery.o
    0x20000034   COMPRESSED   0x00000001   Data   RW          898    .data.Stat          sd_diskio.o
    0x20000035   COMPRESSED   0x00000003   PAD
    0x20000038   COMPRESSED   0x00000004   Data   RW         3175    .data.SystemCoreClock  system_stm32f4xx.o
    0x2000003c   COMPRESSED   0x00000038   Data   RW         3517    .data.USBD_CDC      usbd_cdc.o
    0x20000074   COMPRESSED   0x00000043   Data   RW         3519    .data.USBD_CDC_CfgDesc  usbd_cdc.o
    0x200000b7   COMPRESSED   0x00000001   PAD
    0x200000b8   COMPRESSED   0x0000000a   Data   RW         3518    .data.USBD_CDC_DeviceQualifierDesc  usbd_cdc.o
    0x200000c2   COMPRESSED   0x00000002   PAD
    0x200000c4   COMPRESSED   0x00000012   Data   RW          952    .data.USBD_HS_DeviceDesc  usbd_desc.o
    0x200000d6   COMPRESSED   0x00000002   PAD
    0x200000d8   COMPRESSED   0x00000014   Data   RW          977    .data.USBD_Interface_fops_HS  usbd_cdc_if.o
    0x200000ec   COMPRESSED   0x00000004   Data   RW          953    .data.USBD_LangIDDesc  usbd_desc.o
    0x200000f0   COMPRESSED   0x0000001a   Data   RW          954    .data.USBD_StringSerial  usbd_desc.o
    0x2000010a   COMPRESSED   0x00000002   PAD
    0x2000010c   COMPRESSED   0x00000038   Data   RW          452    .data.ili9341_drv   ili9341.o
    0x20000144   COMPRESSED   0x00000001   Data   RW          556    .data.num_packet    main.o
    0x20000145   COMPRESSED   0x00000003   PAD
    0x20000148   COMPRESSED   0x00000028   Data   RW          390    .data.stmpe811_ts_drv  stmpe811.o
    0x20000170   COMPRESSED   0x00000014   Data   RW          559    .data.str_table     main.o
    0x20000184   COMPRESSED   0x00000001   Data   RW         1716    .data.uwTickFreq    stm32f4xx_hal.o
    0x20000185   COMPRESSED   0x00000003   PAD
    0x20000188   COMPRESSED   0x00000004   Data   RW         1715    .data.uwTickPrio    stm32f4xx_hal.o
    0x2000018c   COMPRESSED   0x00000004   PAD
    0x20000190        -       0x00000001   Zero   RW          493    .bss.A1             ts_calibration.o
    0x20000191   COMPRESSED   0x00000001   PAD
    0x20000192        -       0x00000001   Zero   RW          495    .bss.A2             ts_calibration.o
    0x20000193   COMPRESSED   0x00000001   PAD
    0x20000194        -       0x00000004   Zero   RW          312    .bss.ActiveLayer    stm32f429i_discovery_lcd1.o
    0x20000198        -       0x00000001   Zero   RW          494    .bss.B1             ts_calibration.o
    0x20000199   COMPRESSED   0x00000001   PAD
    0x2000019a        -       0x00000001   Zero   RW          496    .bss.B2             ts_calibration.o
    0x2000019b        -       0x00000001   Zero   RW          166    .bss.BSP_SDRAM_Init.sdramstatus  stm32f429i_discovery_sdram.o
    0x2000019c        -       0x00000060   Zero   RW          170    .bss.BSP_SDRAM_MspInit.dmaHandle  stm32f429i_discovery_sdram.o
    0x200001fc        -       0x00000001   Zero   RW          497    .bss.Calibration_Done  ts_calibration.o
    0x200001fd   COMPRESSED   0x00000003   PAD
    0x20000200        -       0x00000010   Zero   RW          169    .bss.Command        stm32f429i_discovery_sdram.o
    0x20000210        -       0x00000040   Zero   RW          313    .bss.Dma2dHandler   stm32f429i_discovery_lcd1.o
    0x20000250        -       0x00000018   Zero   RW          311    .bss.DrawProp       stm32f429i_discovery_lcd1.o
    0x20000268        -       0x00000001   Zero   RW          659    .bss.FMC_Initialized  fmc.o
    0x20000269   COMPRESSED   0x00000003   PAD
    0x2000026c        -       0x00000004   Zero   RW         3336    .bss.FatFs          ff.o
    0x20000270        -       0x00000020   Zero   RW         3338    .bss.Files          ff.o
    0x20000290        -       0x00000002   Zero   RW         3339    .bss.Fsid           ff.o
    0x20000292   COMPRESSED   0x00000002   PAD
    0x20000294        -       0x00000054   Zero   RW           91    .bss.I2cHandle      stm32f429i_discovery.o
    0x200002e8        -       0x00000001   Zero   RW           90    .bss.Is_LCD_IO_Initialized  stm32f429i_discovery.o
    0x200002e9   COMPRESSED   0x00000003   PAD
    0x200002ec        -       0x00000004   Zero   RW          310    .bss.LcdDrv         stm32f429i_discovery_lcd1.o
    0x200002f0        -       0x00000007   Zero   RW          981    .bss.LineCoding     usbd_cdc_if.o
    0x200002f7   COMPRESSED   0x00000001   PAD
    0x200002f8        -       0x000000a8   Zero   RW          308    .bss.LtdcHandler    stm32f429i_discovery_lcd1.o
    0x200003a0        -       0x0000001c   Zero   RW          563    .bss.NFILE          main.o
    0x200003bc        -       0x00000030   Zero   RW          309    .bss.PeriphClkInitStruct  stm32f429i_discovery_lcd1.o
    0x200003ec        -       0x00001034   Zero   RW          913    .bss.SDFatFS        fatfs.o
    0x20001420        -       0x00001030   Zero   RW          915    .bss.SDFile1        fatfs.o
    0x20002450        -       0x00000004   Zero   RW          911    .bss.SDPath         fatfs.o
    0x20002454        -       0x0000000f   Zero   RW          564    .bss.SDpat          main.o
    0x20002463   COMPRESSED   0x00000001   PAD
    0x20002464        -       0x00000034   Zero   RW          167    .bss.SdramHandle    stm32f429i_discovery_sdram.o
    0x20002498        -       0x00000058   Zero   RW           92    .bss.SpiHandle      stm32f429i_discovery.o
    0x200024f0        -       0x0000001c   Zero   RW          168    .bss.Timing         stm32f429i_discovery_sdram.o
    0x2000250c        -       0x00000002   Zero   RW          190    .bss.TsXBoundary    stm32f429i_discovery_ts.o
    0x2000250e        -       0x00000002   Zero   RW          191    .bss.TsYBoundary    stm32f429i_discovery_ts.o
    0x20002510        -       0x00000001   Zero   RW         3456    .bss.USBD_SetConfig.cfgidx  usbd_ctlreq.o
    0x20002511   COMPRESSED   0x00000003   PAD
    0x20002514        -       0x00000200   Zero   RW          955    .bss.USBD_StrDesc   usbd_desc.o
    0x20002714        -       0x00000220   Zero   RW         1054    .bss.USBD_static_malloc.mem  usbd_conf.o
    0x20002934        -       0x00000800   Zero   RW          978    .bss.UserRxBufferHS  usbd_cdc_if.o
    0x20003134        -       0x00000800   Zero   RW          979    .bss.UserTxBufferHS  usbd_cdc_if.o
    0x20003934        -       0x00000001   Zero   RW          982    .bss.count1         usbd_cdc_if.o
    0x20003935        -       0x00000004   Zero   RW          562    .bss.currentDate    main.o
    0x20003939   COMPRESSED   0x00000003   PAD
    0x2000393c        -       0x00000014   Zero   RW          561    .bss.currentTime    main.o
    0x20003950        -       0x0000000c   Zero   RW         3360    .bss.disk           ff_gen_drv.o
    0x2000395c        -       0x0000000c   Zero   RW          980    .bss.f1             usbd_cdc_if.o
    0x20003968        -       0x000002dc   Zero   RW          926    .bss.hUsbDeviceHS   usb_device.o
    0x20003c44        -       0x00000008   Zero   RW          615    .bss.hcrc           crc.o
    0x20003c4c        -       0x00000040   Zero   RW          639    .bss.hdma2d         dma2d.o
    0x20003c8c        -       0x00000060   Zero   RW          721    .bss.hdma_sdio      sdio.o
    0x20003cec        -       0x00000060   Zero   RW          740    .bss.hdma_spi4_rx   spi.o
    0x20003d4c        -       0x00000060   Zero   RW          741    .bss.hdma_spi4_tx   spi.o
    0x20003dac        -       0x00000054   Zero   RW          675    .bss.hi2c3          i2c.o
    0x20003e00        -       0x000000a8   Zero   RW          690    .bss.hltdc          ltdc.o
    0x20003ea8        -       0x0000050c   Zero   RW         1053    .bss.hpcd_USB_OTG_HS  usbd_conf.o
    0x200043b4        -       0x00000020   Zero   RW          705    .bss.hrtc           rtc.o
    0x200043d4        -       0x00000084   Zero   RW          720    .bss.hsd            sdio.o
    0x20004458        -       0x00000034   Zero   RW          658    .bss.hsdram1        fmc.o
    0x2000448c        -       0x00000058   Zero   RW          738    .bss.hspi4          spi.o
    0x200044e4        -       0x00000058   Zero   RW          739    .bss.hspi5          spi.o
    0x2000453c        -       0x00000048   Zero   RW          767    .bss.htim10         tim.o
    0x20004584        -       0x00000048   Zero   RW          768    .bss.htim11         tim.o
    0x200045cc        -       0x00000048   Zero   RW          766    .bss.htim2          tim.o
    0x20004614        -       0x00000044   Zero   RW          783    .bss.huart1         usart.o
    0x20004658        -       0x00000001   Zero   RW          508    .bss.n0H            var_printh.o
    0x20004659        -       0x00000001   Zero   RW          509    .bss.n1H            var_printh.o
    0x2000465a        -       0x00000001   Zero   RW          510    .bss.n2H            var_printh.o
    0x2000465b        -       0x00000001   Zero   RW          511    .bss.n3H            var_printh.o
    0x2000465c        -       0x00000001   Zero   RW          512    .bss.n4H            var_printh.o
    0x2000465d        -       0x00000001   Zero   RW          513    .bss.n5H            var_printh.o
    0x2000465e        -       0x000000e4   Zero   RW          575    .bss.pc_buf         main.o
    0x20004742        -       0x00000002   Zero   RW          587    .bss.pc_buf_size    main.o
    0x20004744        -       0x00000001   Zero   RW          565    .bss.res            main.o
    0x20004745        -       0x00000001   Zero   RW          912    .bss.retSD          fatfs.o
    0x20004746        -       0x0000000c   Zero   RW          577    .bss.s1             main.o
    0x20004752        -       0x00000002   Zero   RW          392    .bss.stmpe811       stmpe811.o
    0x20004754        -       0x00000001   Zero   RW          472    .bss.t              txt_printh.o
    0x20004755   COMPRESSED   0x00000001   PAD
    0x20004756        -       0x00000002   Zero   RW          976    .bss.tx_count       usbd_cdc_if.o
    0x20004758        -       0x00000004   Zero   RW         1717    .bss.uwTick         stm32f4xx_hal.o
    0x2000475c   COMPRESSED   0x00000004   PAD
    0x20004760        -       0x00002000   Zero   RW            1    STACK               startup_stm32f429xx.o


==============================================================================

Image component sizes


      Code (inc. data)   RO Data    RW Data    ZI Data      Debug   Object Name

       190          0          0          0          0       6877   bsp_driver_sd.o
        84          0          0          0          8       2642   crc.o
       156          0          0          0          0       2255   diskio.o
       392         36          0          0          0       1295   disp.o
        86          0          0          0          0       3530   dma.o
       144          0          0          0         64       5589   dma2d.o
        38          0          0          0       8297       2016   fatfs.o
      5628          0        143          0         38      42740   ff.o
        90          0          0          0         12       2690   ff_gen_drv.o
       346          0          0          0         53       5429   fmc.o
       480          0          0          0          0       2532   gpio.o
       344          0          0          0         84       5301   i2c.o
       728          0          0         56          0       2604   ili9341.o
       626          0          0          0        168       7203   ltdc.o
      1452         24          0         21        310      13657   main.o
       244          0          0          0         32       3681   rtc.o
       236          4         20          1          0       3211   sd_diskio.o
       332          0          0          0        228       7465   sdio.o
       604          0          0          0        368       5352   spi.o
        36          8        428          0       8192        832   startup_stm32f429xx.o
      1324          0          0          8        173      16940   stm32f429i_discovery.o
      1642          0      10640         16        312      28412   stm32f429i_discovery_lcd1.o
       682          0          0          0        193       9780   stm32f429i_discovery_sdram.o
        66          0          0          0          4       2783   stm32f429i_discovery_ts.o
       212          0          0          5          4       7741   stm32f4xx_hal.o
       342          0         59          0          0      10983   stm32f4xx_hal_cortex.o
        62          0         56          0          0       3120   stm32f4xx_hal_crc.o
      1726         12         56          0          0       9654   stm32f4xx_hal_dma.o
      1350          4         58          0          0      13821   stm32f4xx_hal_dma2d.o
      1026          0         57          0          0       5753   stm32f4xx_hal_gpio.o
      2710          0         56          0          0      39775   stm32f4xx_hal_i2c.o
       276          0         59          0          0       4171   stm32f4xx_hal_i2c_ex.o
      1664         32         57          0          0      15567   stm32f4xx_hal_ltdc.o
        56          0          0          0          0       1515   stm32f4xx_hal_msp.o
      3046         56          0          0          0      16042   stm32f4xx_hal_pcd.o
        90          0          0          0          0       4377   stm32f4xx_hal_pcd_ex.o
      1914          0         56          0          0       7619   stm32f4xx_hal_rcc.o
      1434          0         59          0          0       5956   stm32f4xx_hal_rcc_ex.o
      1602          0         56          0          0      11838   stm32f4xx_hal_rtc.o
        36          0         59          0          0      13856   stm32f4xx_hal_rtc_ex.o
      2986          0         55          0          0      24049   stm32f4xx_hal_sd.o
       174          0          0          0          0      12140   stm32f4xx_hal_sdram.o
      2392          0         56          0          0      21741   stm32f4xx_hal_spi.o
      3012          4         56          0          0      53474   stm32f4xx_hal_tim.o
       372          0         59          0          0      19926   stm32f4xx_hal_tim_ex.o
       744          0         57          0          0      25478   stm32f4xx_hal_uart.o
       168          0          0          0          0       3680   stm32f4xx_it.o
      1204          0         55          0          0      11724   stm32f4xx_ll_fmc.o
      2154          0         57          0          0      14918   stm32f4xx_ll_sdmmc.o
      2868          0          0          0          0      23521   stm32f4xx_ll_usb.o
       682          0          0         40          2      10919   stmpe811.o
        18          0         24          4          0       2701   system_stm32f4xx.o
       498          0          0          0        216       8736   tim.o
        54          0          0          0          5       1295   ts_calibration.o
        70          0          0          0          1       1034   txt_printh.o
       172          0          0          0         68       4952   usart.o
       110          0          0          0        732       3113   usb_device.o
      1214         12          0        133          0      11724   usbd_cdc.o
       256          0          0         20       4118       3892   usbd_cdc_if.o
       718          0          0          0       1836      16861   usbd_conf.o
       924          0          0          0          0      10159   usbd_core.o
      1482         24          0          0          1      10382   usbd_ctlreq.o
       322         72          0         76        512       3475   usbd_desc.o
       128          0          0          0          0       4722   usbd_ioreq.o
      1642         82          0          0          6       2319   var_printh.o

    ----------------------------------------------------------------------
     58336        370      12372        396      26068     663539   Object Totals
         0          0         32          0          0          0   (incl. Generated)
       476          0          2         16         31          0   (incl. Padding)

    ----------------------------------------------------------------------

      Code (inc. data)   RO Data    RW Data    ZI Data      Debug   Library Member Name

        86          0          0          0          0          0   __dczerorl2.o
         0          0          0          0          0          0   entry.o
         0          0          0          0          0          0   entry10a.o
         0          0          0          0          0          0   entry11a.o
         8          4          0          0          0          0   entry2.o
         4          0          0          0          0          0   entry5.o
         0          0          0          0          0          0   entry7b.o
         0          0          0          0          0          0   entry8b.o
         8          4          0          0          0          0   entry9a.o
        30          0          0          0          0          0   handlers.o
        36          8          0          0          0         68   init.o
        30          0          0          0          0         68   llshl.o
        32          0          0          0          0         68   llushr.o
        36          0          0          0          0        108   memseta.o
       884         10          0          0          0        420   printf6.o
        44          0          0          0          0         80   uidiv.o
        98          0          0          0          0         92   uldiv.o

    ----------------------------------------------------------------------
      1300         26          0          0          0        904   Library Totals
         4          0          0          0          0          0   (incl. Padding)

    ----------------------------------------------------------------------

      Code (inc. data)   RO Data    RW Data    ZI Data      Debug   Library Name

      1296         26          0          0          0        904   mc_w.l

    ----------------------------------------------------------------------
      1300         26          0          0          0        904   Library Totals

    ----------------------------------------------------------------------

==============================================================================


      Code (inc. data)   RO Data    RW Data    ZI Data      Debug   

     59636        396      12372        396      26068     663051   Grand Totals
     59636        396      12372        280      26068     663051   ELF Image Totals (compressed)
     59636        396      12372        280          0          0   ROM Totals

==============================================================================

    Total RO  Size (Code + RO Data)                72008 (  70.32kB)
    Total RW  Size (RW Data + ZI Data)             26464 (  25.84kB)
    Total ROM Size (Code + RO Data + RW Data)      72288 (  70.59kB)

==============================================================================

